Component: ARM Compiler 5.06 update 7 (build 960) Tool: armlink [4d3601]

==============================================================================

Section Cross References

    startup_stm32h750xx.o(STACK) refers (Special) to heapauxi.o(.text) for __use_two_region_memory
    startup_stm32h750xx.o(HEAP) refers (Special) to heapauxi.o(.text) for __use_two_region_memory
    startup_stm32h750xx.o(RESET) refers (Special) to heapauxi.o(.text) for __use_two_region_memory
    startup_stm32h750xx.o(RESET) refers to startup_stm32h750xx.o(STACK) for __initial_sp
    startup_stm32h750xx.o(RESET) refers to startup_stm32h750xx.o(.text) for Reset_Handler
    startup_stm32h750xx.o(RESET) refers to stm32h7xx_it.o(i.NMI_Handler) for NMI_Handler
    startup_stm32h750xx.o(RESET) refers to stm32h7xx_it.o(i.HardFault_Handler) for HardFault_Handler
    startup_stm32h750xx.o(RESET) refers to stm32h7xx_it.o(i.MemManage_Handler) for MemManage_Handler
    startup_stm32h750xx.o(RESET) refers to stm32h7xx_it.o(i.BusFault_Handler) for BusFault_Handler
    startup_stm32h750xx.o(RESET) refers to stm32h7xx_it.o(i.UsageFault_Handler) for UsageFault_Handler
    startup_stm32h750xx.o(RESET) refers to stm32h7xx_it.o(i.SVC_Handler) for SVC_Handler
    startup_stm32h750xx.o(RESET) refers to stm32h7xx_it.o(i.DebugMon_Handler) for DebugMon_Handler
    startup_stm32h750xx.o(RESET) refers to stm32h7xx_it.o(i.PendSV_Handler) for PendSV_Handler
    startup_stm32h750xx.o(RESET) refers to stm32h7xx_it.o(i.SysTick_Handler) for SysTick_Handler
    startup_stm32h750xx.o(RESET) refers to stm32h7xx_it.o(i.DMA1_Stream0_IRQHandler) for DMA1_Stream0_IRQHandler
    startup_stm32h750xx.o(RESET) refers to stm32h7xx_it.o(i.DMAMUX2_OVR_IRQHandler) for DMAMUX2_OVR_IRQHandler
    startup_stm32h750xx.o(RESET) refers to stm32h7xx_it.o(i.BDMA_Channel0_IRQHandler) for BDMA_Channel0_IRQHandler
    startup_stm32h750xx.o(.text) refers (Special) to heapauxi.o(.text) for __use_two_region_memory
    startup_stm32h750xx.o(.text) refers to system_stm32h7xx.o(i.SystemInit) for SystemInit
    startup_stm32h750xx.o(.text) refers to __main.o(!!!main) for __main
    startup_stm32h750xx.o(.text) refers to startup_stm32h750xx.o(HEAP) for Heap_Mem
    startup_stm32h750xx.o(.text) refers to startup_stm32h750xx.o(STACK) for Stack_Mem
    main.o(i.PeriphCommonClock_Config) refers to rt_memclr_w.o(.text) for __aeabi_memclr4
    main.o(i.PeriphCommonClock_Config) refers to stm32h7xx_hal_rcc_ex.o(i.HAL_RCCEx_PeriphCLKConfig) for HAL_RCCEx_PeriphCLKConfig
    main.o(i.SystemClock_Config) refers to rt_memclr_w.o(.text) for __aeabi_memclr4
    main.o(i.SystemClock_Config) refers to stm32h7xx_hal_pwr_ex.o(i.HAL_PWREx_ConfigSupply) for HAL_PWREx_ConfigSupply
    main.o(i.SystemClock_Config) refers to stm32h7xx_hal_rcc.o(i.HAL_RCC_OscConfig) for HAL_RCC_OscConfig
    main.o(i.SystemClock_Config) refers to stm32h7xx_hal_rcc.o(i.HAL_RCC_ClockConfig) for HAL_RCC_ClockConfig
    main.o(i.main) refers to _printf_percent.o(.ARM.Collect$$_printf_percent$$00000000) for _printf_percent
    main.o(i.main) refers to _printf_f.o(.ARM.Collect$$_printf_percent$$00000003) for _printf_f
    main.o(i.main) refers to printf1.o(x$fpl$printf1) for _printf_fp_dec
    main.o(i.main) refers to stm32h7xx_hal.o(i.HAL_Init) for HAL_Init
    main.o(i.main) refers to main.o(i.SystemClock_Config) for SystemClock_Config
    main.o(i.main) refers to main.o(i.PeriphCommonClock_Config) for PeriphCommonClock_Config
    main.o(i.main) refers to gpio.o(i.MX_GPIO_Init) for MX_GPIO_Init
    main.o(i.main) refers to usart.o(i.MX_USART3_UART_Init) for MX_USART3_UART_Init
    main.o(i.main) refers to adc.o(i.MX_ADC1_Init) for MX_ADC1_Init
    main.o(i.main) refers to dma.o(i.MX_DMA_Init) for MX_DMA_Init
    main.o(i.main) refers to bdma.o(i.MX_BDMA_Init) for MX_BDMA_Init
    main.o(i.main) refers to adc.o(i.MX_ADC3_Init) for MX_ADC3_Init
    main.o(i.main) refers to stm32h7xx_hal_adc_ex.o(i.HAL_ADCEx_Calibration_Start) for HAL_ADCEx_Calibration_Start
    main.o(i.main) refers to noretval__2printf.o(.text) for __2printf
    main.o(i.main) refers to stm32h7xx_hal_uart.o(i.HAL_UART_Receive_IT) for HAL_UART_Receive_IT
    main.o(i.main) refers to stm32h7xx_hal_adc.o(i.HAL_ADC_Start_DMA) for HAL_ADC_Start_DMA
    main.o(i.main) refers to stm32h7xx_hal_adc.o(i.HAL_ADC_Stop_DMA) for HAL_ADC_Stop_DMA
    main.o(i.main) refers to adc.o(.bss) for hadc1
    main.o(i.main) refers to adc.o(.data) for VREFINT_CAL
    main.o(i.main) refers to main.o(.data) for .data
    main.o(i.main) refers to adc.o(.data) for ADC1_DMA_FLAG
    main.o(i.main) refers to usart.o(.data) for USART3_IT_FLAG
    main.o(i.main) refers to usart.o(.data) for USART3_Buffer
    main.o(i.main) refers to usart.o(.bss) for huart3
    main.o(i.main) refers to adc.o(.bss) for ADC1_ConvData
    main.o(i.main) refers to adc.o(.bss) for ADC3_ConvData
    main.o(i.main) refers to adc.o(.bss) for ADC3_ConvValue
    main.o(i.main) refers to adc.o(.bss) for ADC1_ConvValue
[...]
    RCCEx_PLL2_Config                        0x08006339   Thumb Code   284  stm32h7xx_hal_rcc_ex.o(i.RCCEx_PLL2_Config)
    i.RCCEx_PLL3_Config                      0x08006458   Section        0  stm32h7xx_hal_rcc_ex.o(i.RCCEx_PLL3_Config)
    RCCEx_PLL3_Config                        0x08006459   Thumb Code   284  stm32h7xx_hal_rcc_ex.o(i.RCCEx_PLL3_Config)
    i.SVC_Handler                            0x08006578   Section        0  stm32h7xx_it.o(i.SVC_Handler)
    i.SysTick_Handler                        0x0800657a   Section        0  stm32h7xx_it.o(i.SysTick_Handler)
    i.SystemClock_Config                     0x08006580   Section        0  main.o(i.SystemClock_Config)
    i.SystemInit                             0x08006638   Section        0  system_stm32h7xx.o(i.SystemInit)
    i.UARTEx_SetNbDataToProcess              0x08006714   Section        0  stm32h7xx_hal_uart_ex.o(i.UARTEx_SetNbDataToProcess)
    UARTEx_SetNbDataToProcess                0x08006715   Thumb Code    62  stm32h7xx_hal_uart_ex.o(i.UARTEx_SetNbDataToProcess)
    i.UART_AdvFeatureConfig                  0x08006758   Section        0  stm32h7xx_hal_uart.o(i.UART_AdvFeatureConfig)
    i.UART_CheckIdleState                    0x08006820   Section        0  stm32h7xx_hal_uart.o(i.UART_CheckIdleState)
    i.UART_RxISR_16BIT                       0x08006880   Section        0  stm32h7xx_hal_uart.o(i.UART_RxISR_16BIT)
    UART_RxISR_16BIT                         0x08006881   Thumb Code   162  stm32h7xx_hal_uart.o(i.UART_RxISR_16BIT)
    i.UART_RxISR_16BIT_FIFOEN                0x08006924   Section        0  stm32h7xx_hal_uart.o(i.UART_RxISR_16BIT_FIFOEN)
    UART_RxISR_16BIT_FIFOEN                  0x08006925   Thumb Code   364  stm32h7xx_hal_uart.o(i.UART_RxISR_16BIT_FIFOEN)
    i.UART_RxISR_8BIT                        0x08006a98   Section        0  stm32h7xx_hal_uart.o(i.UART_RxISR_8BIT)
    UART_RxISR_8BIT                          0x08006a99   Thumb Code   162  stm32h7xx_hal_uart.o(i.UART_RxISR_8BIT)
    i.UART_RxISR_8BIT_FIFOEN                 0x08006b3c   Section        0  stm32h7xx_hal_uart.o(i.UART_RxISR_8BIT_FIFOEN)
    UART_RxISR_8BIT_FIFOEN                   0x08006b3d   Thumb Code   364  stm32h7xx_hal_uart.o(i.UART_RxISR_8BIT_FIFOEN)
    i.UART_SetConfig                         0x08006cb0   Section        0  stm32h7xx_hal_uart.o(i.UART_SetConfig)
    i.UART_Start_Receive_IT                  0x0800705c   Section        0  stm32h7xx_hal_uart.o(i.UART_Start_Receive_IT)
    i.UART_WaitOnFlagUntilTimeout            0x08007174   Section        0  stm32h7xx_hal_uart.o(i.UART_WaitOnFlagUntilTimeout)
    i.UsageFault_Handler                     0x0800723e   Section        0  stm32h7xx_it.o(i.UsageFault_Handler)
    i.__ARM_fpclassify                       0x08007240   Section        0  fpclassify.o(i.__ARM_fpclassify)
    i.__NVIC_SetPriority                     0x08007270   Section        0  stm32h7xx_hal_cortex.o(i.__NVIC_SetPriority)
    __NVIC_SetPriority                       0x08007271   Thumb Code    34  stm32h7xx_hal_cortex.o(i.__NVIC_SetPriority)
    i._is_digit                              0x08007292   Section        0  __printf_wp.o(i._is_digit)
    i.fputc                                  0x080072a0   Section        0  usart.o(i.fputc)
    i.main                                   0x080072b8   Section        0  main.o(i.main)
    locale$$code                             0x080075fc   Section       44  lc_numeric_c.o(locale$$code)
    x$fpl$fpinit                             0x08007628   Section       10  fpinit.o(x$fpl$fpinit)
    $v0                                      0x08007628   Number         0  fpinit.o(x$fpl$fpinit)
    x$fpl$printf1                            0x08007632   Section        4  printf1.o(x$fpl$printf1)
    $v0                                      0x08007632   Number         0  printf1.o(x$fpl$printf1)
    .constdata                               0x08007636   Section        8  stm32h7xx_hal_dma.o(.constdata)
    x$fpl$usenofp                            0x08007636   Section        0  usenofp.o(x$fpl$usenofp)
    flagBitshiftOffset                       0x08007636   Data           8  stm32h7xx_hal_dma.o(.constdata)
    .constdata                               0x0800763e   Section       24  stm32h7xx_hal_uart.o(.constdata)
    .constdata                               0x08007656   Section       16  stm32h7xx_hal_uart_ex.o(.constdata)
    numerator                                0x08007656   Data           8  stm32h7xx_hal_uart_ex.o(.constdata)
    denominator                              0x0800765e   Data           8  stm32h7xx_hal_uart_ex.o(.constdata)
    .constdata                               0x08007666   Section       16  system_stm32h7xx.o(.constdata)
    .constdata                               0x08007678   Section      148  bigflt0.o(.constdata)
    tenpwrs_x                                0x08007678   Data          60  bigflt0.o(.constdata)
    tenpwrs_i                                0x080076b4   Data          64  bigflt0.o(.constdata)
    .constdata                               0x0800770c   Section        4  sys_io.o(.constdata)
    .constdata                               0x08007710   Section        4  sys_io.o(.constdata)
    .constdata                               0x08007714   Section        4  sys_io.o(.constdata)
    locale$$data                             0x08007738   Section       28  lc_numeric_c.o(locale$$data)
    __lcnum_c_name                           0x0800773c   Data           2  lc_numeric_c.o(locale$$data)
    __lcnum_c_start                          0x08007744   Data           0  lc_numeric_c.o(locale$$data)
    __lcnum_c_point                          0x08007750   Data           0  lc_numeric_c.o(locale$$data)
    __lcnum_c_thousands                      0x08007752   Data           0  lc_numeric_c.o(locale$$data)
    __lcnum_c_grouping                       0x08007753   Data           0  lc_numeric_c.o(locale$$data)
    __lcnum_c_end                            0x08007754   Data           0  lc_numeric_c.o(locale$$data)
    .data                                    0x24000000   Section        8  main.o(.data)
    .data                                    0x24000008   Section        2  adc.o(.data)
    .data                                    0x2400000a   Section        2  adc.o(.data)
    .data                                    0x2400000c   Section        1  usart.o(.data)
    .data                                    0x2400000d   Section        5  usart.o(.data)
    .data                                    0x24000014   Section       12  stm32h7xx_hal.o(.data)
    .data                                    0x24000020   Section        8  system_stm32h7xx.o(.data)
    .data                                    0x24000028   Section        4  stdio_streams.o(.data)
    .data                                    0x2400002c   Section        4  stdio_streams.o(.data)
    .data                                    0x24000030   Section        4  stdio_streams.o(.data)
    .bss                                     0x24000034   Section       20  adc.o(.bss)
    .bss                                     0x24000048   Section       12  adc.o(.bss)
    .bss                                     0x24000054   Section       20  adc.o(.bss)
    .bss                                     0x24000068   Section       12  adc.o(.bss)
    .bss                                     0x24000074   Section      440  adc.o(.bss)
    .bss                                     0x2400022c   Section      144  usart.o(.bss)
    .bss                                     0x240002bc   Section       84  stdio_streams.o(.bss)
    .bss                                     0x24000310   Section       84  stdio_streams.o(.bss)
    .bss                                     0x24000364   Section       84  stdio_streams.o(.bss)
    .bss                                     0x240003b8   Section       96  libspace.o(.bss)
    HEAP                                     0x24000418   Section      512  startup_stm32h750xx.o(HEAP)
    Heap_Mem                                 0x24000418   Data         512  startup_stm32h750xx.o(HEAP)
    STACK                                    0x24000618   Section     1024  startup_stm32h750xx.o(STACK)
    Stack_Mem                                0x24000618   Data        1024  startup_stm32h750xx.o(STACK)
    __initial_sp                             0x24000a18   Data           0  startup_stm32h750xx.o(STACK)

    Global Symbols

    Symbol Name                              Value     Ov Type        Size  Object(Section)

    BuildAttributes$$THM_ISAv4$E$P$D$K$B$S$7EM$VFPv5_D16$PE$PLD8$A:L22UL41UL21$X:L11$S22US41US21$IEEE1$IW$USESV6$~STKCKD$USESV7$~SHL$OTIME$ROPI$IEEEJ$EBA8$UX$STANDARDLIB$REQ8$PRES8$EABIv2 0x00000000   Number         0  anon$$obj.o ABSOLUTE
    __ARM_use_no_argv                        0x00000000   Number         0  main.o ABSOLUTE
    _printf_flags                            0x00000000   Number         0  printf_stubs.o ABSOLUTE
    _printf_return_value                     0x00000000   Number         0  printf_stubs.o ABSOLUTE
    _printf_sizespec                         0x00000000   Number         0  printf_stubs.o ABSOLUTE
    _printf_widthprec                        0x00000000   Number         0  printf_stubs.o ABSOLUTE
    __ARM_exceptions_init                     - Undefined Weak Reference
    __alloca_initialize                       - Undefined Weak Reference
    __arm_fini_                               - Undefined Weak Reference
    __arm_preinit_                            - Undefined Weak Reference
    __cpp_initialize__aeabi_                  - Undefined Weak Reference
    __cxa_finalize                            - Undefined Weak Reference
    __sigvec_lookup                           - Undefined Weak Reference
    __user_heap_extent                        - Undefined Weak Reference
    _atexit_init                              - Undefined Weak Reference
    _call_atexit_fns                          - Undefined Weak Reference
    _clock_init                               - Undefined Weak Reference
    _fp_trap_init                             - Undefined Weak Reference
    _fp_trap_shutdown                         - Undefined Weak Reference
    _get_lc_collate                           - Undefined Weak Reference
    _get_lc_ctype                             - Undefined Weak Reference
    _get_lc_monetary                          - Undefined Weak Reference
    _get_lc_time                              - Undefined Weak Reference
    _getenv_init                              - Undefined Weak Reference
    _handle_redirection                       - Undefined Weak Reference
    _mutex_acquire                            - Undefined Weak Reference
    _mutex_free                               - Undefined Weak Reference
    _mutex_release                            - Undefined Weak Reference
    _printf_post_padding                      - Undefined Weak Reference
    _printf_pre_padding                       - Undefined Weak Reference
    _rand_init                                - Undefined Weak Reference
    _signal_finish                            - Undefined Weak Reference
    _signal_init                              - Undefined Weak Reference
    __Vectors_Size                           0x00000298   Number         0  startup_stm32h750xx.o ABSOLUTE
    __Vectors                                0x08000000   Data           4  startup_stm32h750xx.o(RESET)
    __Vectors_End                            0x08000298   Data           0  startup_stm32h750xx.o(RESET)
    __main                                   0x08000299   Thumb Code     8  __main.o(!!!main)
    __scatterload                            0x080002a1   Thumb Code     0  __scatter.o(!!!scatter)
    __scatterload_rt2                        0x080002a1   Thumb Code    44  __scatter.o(!!!scatter)
    __scatterload_rt2_thumb_only             0x080002a1   Thumb Code     0  __scatter.o(!!!scatter)
    __scatterload_null                       0x080002af   Thumb Code     0  __scatter.o(!!!scatter)
    __scatterload_copy                       0x080002d5   Thumb Code    26  __scatter_copy.o(!!handler_copy)
    __scatterload_zeroinit                   0x080002f1   Thumb Code    28  __scatter_zi.o(!!handler_zi)
    _printf_f                                0x0800030d   Thumb Code     0  _printf_f.o(.ARM.Collect$$_printf_percent$$00000003)
    _printf_percent                          0x0800030d   Thumb Code     0  _printf_percent.o(.ARM.Collect$$_printf_percent$$00000000)
    _printf_percent_end                      0x08000313   Thumb Code     0  _printf_percent_end.o(.ARM.Collect$$_printf_percent$$00000017)
    __rt_lib_init                            0x08000317   Thumb Code     0  libinit.o(.ARM.Collect$$libinit$$00000000)
    __rt_lib_init_fp_1                       0x08000319   Thumb Code     0  libinit2.o(.ARM.Collect$$libinit$$00000001)
    __rt_lib_init_heap_2                     0x0800031d   Thumb Code     0  libinit2.o(.ARM.Collect$$libinit$$00000005)
    __rt_lib_init_preinit_1                  0x0800031d   Thumb Code     0  libinit2.o(.ARM.Collect$$libinit$$00000004)
    __rt_lib_init_heap_1                     0x08000325   Thumb Code     0  libinit2.o(.ARM.Collect$$libinit$$0000000A)
    __rt_lib_init_lc_common                  0x08000325   Thumb Code     0  libinit2.o(.ARM.Collect$$libinit$$0000000F)
    __rt_lib_init_rand_1                     0x08000325   Thumb Code     0  libinit2.o(.ARM.Collect$$libinit$$0000000E)
    __rt_lib_init_user_alloc_1               0x08000325   Thumb Code     0  libinit2.o(.ARM.Collect$$libinit$$0000000C)
    __rt_lib_init_lc_collate_1               0x0800032b   Thumb Code     0  libinit2.o(.ARM.Collect$$libinit$$00000011)
    __rt_lib_init_lc_ctype_1                 0x0800032b   Thumb Code     0  libinit2.o(.ARM.Collect$$libinit$$00000013)
    __rt_lib_init_lc_monetary_1              0x0800032b   Thumb Code     0  libinit2.o(.ARM.Collect$$libinit$$00000015)
    __rt_lib_init_lc_numeric_2               0x0800032b   Thumb Code     0  libinit2.o(.ARM.Collect$$libinit$$00000016)
    __rt_lib_init_atexit_1                   0x08000335   Thumb Code     0  libinit2.o(.ARM.Collect$$libinit$$0000001B)
    __rt_lib_init_clock_1                    0x08000335   Thumb Code     0  libinit2.o(.ARM.Collect$$libinit$$00000021)
    __rt_lib_init_fp_trap_1                  0x08000335   Thumb Code     0  libinit2.o(.ARM.Collect$$libinit$$0000001F)
    __rt_lib_init_getenv_1                   0x08000335   Thumb Code     0  libinit2.o(.ARM.Collect$$libinit$$00000023)
    __rt_lib_init_lc_numeric_1               0x08000335   Thumb Code     0  libinit2.o(.ARM.Collect$$libinit$$00000017)
    __rt_lib_init_lc_time_1                  0x08000335   Thumb Code     0  libinit2.o(.ARM.Collect$$libinit$$00000019)
    __rt_lib_init_signal_1                   0x08000335   Thumb Code     0  libinit2.o(.ARM.Collect$$libinit$$0000001D)
    __rt_lib_init_stdio_2                    0x08000335   Thumb Code     0  libinit2.o(.ARM.Collect$$libinit$$00000024)
    __rt_lib_init_alloca_1                   0x08000339   Thumb Code     0  libinit2.o(.ARM.Collect$$libinit$$0000002E)
    __rt_lib_init_argv_1                     0x08000339   Thumb Code     0  libinit2.o(.ARM.Collect$$libinit$$0000002C)
    __rt_lib_init_cpp_1                      0x08000339   Thumb Code     0  libinit2.o(.ARM.Collect$$libinit$$00000032)
    __rt_lib_init_exceptions_1               0x08000339   Thumb Code     0  libinit2.o(.ARM.Collect$$libinit$$00000030)
    __rt_lib_init_return                     0x08000339   Thumb Code     0  libinit2.o(.ARM.Collect$$libinit$$00000033)
    __rt_lib_init_stdio_1                    0x08000339   Thumb Code     0  libinit2.o(.ARM.Collect$$libinit$$00000025)
    __rt_lib_shutdown                        0x0800033b   Thumb Code     0  libshutdown.o(.ARM.Collect$$libshutdown$$00000000)
    __rt_lib_shutdown_cpp_1                  0x0800033d   Thumb Code     0  libshutdown2.o(.ARM.Collect$$libshutdown$$00000004)
    __rt_lib_shutdown_fini_1                 0x0800033d   Thumb Code     0  libshutdown2.o(.ARM.Collect$$libshutdown$$00000002)
    __rt_lib_shutdown_stdio_2                0x0800033d   Thumb Code     0  libshutdown2.o(.ARM.Collect$$libshutdown$$00000005)
    __rt_lib_shutdown_fp_trap_1              0x08000341   Thumb Code     0  libshutdown2.o(.ARM.Collect$$libshutdown$$00000009)
    __rt_lib_shutdown_heap_1                 0x08000341   Thumb Code     0  libshutdown2.o(.ARM.Collect$$libshutdown$$00000011)
    __rt_lib_shutdown_return                 0x08000341   Thumb Code     0  libshutdown2.o(.ARM.Collect$$libshutdown$$00000012)
    __rt_lib_shutdown_signal_1               0x08000341   Thumb Code     0  libshutdown2.o(.ARM.Collect$$libshutdown$$0000000C)
    __rt_lib_shutdown_stdio_1                0x08000341   Thumb Code     0  libshutdown2.o(.ARM.Collect$$libshutdown$$00000006)
    __rt_lib_shutdown_user_alloc_1           0x08000341   Thumb Code     0  libshutdown2.o(.ARM.Collect$$libshutdown$$0000000E)
    __rt_entry                               0x08000343   Thumb Code     0  __rtentry.o(.ARM.Collect$$rtentry$$00000000)
    __rt_entry_presh_1                       0x08000343   Thumb Code     0  __rtentry2.o(.ARM.Collect$$rtentry$$00000002)
    __rt_entry_sh                            0x08000343   Thumb Code     0  __rtentry4.o(.ARM.Collect$$rtentry$$00000004)
    __rt_entry_li                            0x08000349   Thumb Code     0  __rtentry2.o(.ARM.Collect$$rtentry$$0000000A)
    __rt_entry_postsh_1                      0x08000349   Thumb Code     0  __rtentry2.o(.ARM.Collect$$rtentry$$00000009)
    __rt_entry_main                          0x0800034d   Thumb Code     0  __rtentry2.o(.ARM.Collect$$rtentry$$0000000D)
    __rt_entry_postli_1                      0x0800034d   Thumb Code     0  __rtentry2.o(.ARM.Collect$$rtentry$$0000000C)
    __rt_exit                                0x08000355   Thumb Code     0  rtexit.o(.ARM.Collect$$rtexit$$00000000)
    __rt_exit_ls                             0x08000357   Thumb Code     0  rtexit2.o(.ARM.Collect$$rtexit$$00000003)
    __rt_exit_prels_1                        0x08000357   Thumb Code     0  rtexit2.o(.ARM.Collect$$rtexit$$00000002)
    __rt_exit_exit                           0x0800035b   Thumb Code     0  rtexit2.o(.ARM.Collect$$rtexit$$00000004)
    Reset_Handler                            0x08000361   Thumb Code     8  startup_stm32h750xx.o(.text)
    _maybe_terminate_alloc                   0x08000361   Thumb Code     0  maybetermalloc1.o(.emb_text)
    ADC3_IRQHandler                          0x0800037b   Thumb Code     0  startup_stm32h750xx.o(.text)
    ADC_IRQHandler                           0x0800037b   Thumb Code     0  startup_stm32h750xx.o(.text)
    BDMA_Channel1_IRQHandler                 0x0800037b   Thumb Code     0  startup_stm32h750xx.o(.text)
    BDMA_Channel2_IRQHandler                 0x0800037b   Thumb Code     0  startup_stm32h750xx.o(.text)
    BDMA_Channel3_IRQHandler                 0x0800037b   Thumb Code     0  startup_stm32h750xx.o(.text)
    BDMA_Channel4_IRQHandler                 0x0800037b   Thumb Code     0  startup_stm32h750xx.o(.text)
    BDMA_Channel5_IRQHandler                 0x0800037b   Thumb Code     0  startup_stm32h750xx.o(.text)
    BDMA_Channel6_IRQHandler                 0x0800037b   Thumb Code     0  startup_stm32h750xx.o(.text)
    BDMA_Channel7_IRQHandler                 0x0800037b   Thumb Code     0  startup_stm32h750xx.o(.text)
    CEC_IRQHandler                           0x0800037b   Thumb Code     0  startup_stm32h750xx.o(.text)
    COMP1_IRQHandler                         0x0800037b   Thumb Code     0  startup_stm32h750xx.o(.text)
    CRS_IRQHandler                           0x0800037b   Thumb Code     0  startup_stm32h750xx.o(.text)
    CRYP_IRQHandler                          0x0800037b   Thumb Code     0  startup_stm32h750xx.o(.text)
    DCMI_IRQHandler                          0x0800037b   Thumb Code     0  startup_stm32h750xx.o(.text)
    DFSDM1_FLT0_IRQHandler                   0x0800037b   Thumb Code     0  startup_stm32h750xx.o(.text)
    DFSDM1_FLT1_IRQHandler                   0x0800037b   Thumb Code     0  startup_stm32h750xx.o(.text)
    DFSDM1_FLT2_IRQHandler                   0x0800037b   Thumb Code     0  startup_stm32h750xx.o(.text)
    DFSDM1_FLT3_IRQHandler                   0x0800037b   Thumb Code     0  startup_stm32h750xx.o(.text)
    DMA1_Stream1_IRQHandler                  0x0800037b   Thumb Code     0  startup_stm32h750xx.o(.text)
    DMA1_Stream2_IRQHandler                  0x0800037b   Thumb Code     0  startup_stm32h750xx.o(.text)
    DMA1_Stream3_IRQHandler                  0x0800037b   Thumb Code     0  startup_stm32h750xx.o(.text)
    DMA1_Stream4_IRQHandler                  0x0800037b   Thumb Code     0  startup_stm32h750xx.o(.text)
    DMA1_Stream5_IRQHandler                  0x0800037b   Thumb Code     0  startup_stm32h750xx.o(.text)
    DMA1_Stream6_IRQHandler                  0x0800037b   Thumb Code     0  startup_stm32h750xx.o(.text)
    DMA1_Stream7_IRQHandler                  0x0800037b   Thumb Code     0  startup_stm32h750xx.o(.text)
    DMA2D_IRQHandler                         0x0800037b   Thumb Code     0  startup_stm32h750xx.o(.text)
    DMA2_Stream0_IRQHandler                  0x0800037b   Thumb Code     0  startup_stm32h750xx.o(.text)
    DMA2_Stream1_IRQHandler                  0x0800037b   Thumb Code     0  startup_stm32h750xx.o(.text)
    DMA2_Stream2_IRQHandler                  0x0800037b   Thumb Code     0  startup_stm32h750xx.o(.text)
    DMA2_Stream3_IRQHandler                  0x0800037b   Thumb Code     0  startup_stm32h750xx.o(.text)
    DMA2_Stream4_IRQHandler                  0x0800037b   Thumb Code     0  startup_stm32h750xx.o(.text)
    DMA2_Stream5_IRQHandler                  0x0800037b   Thumb Code     0  startup_stm32h750xx.o(.text)
    DMA2_Stream6_IRQHandler                  0x0800037b   Thumb Code     0  startup_stm32h750xx.o(.text)
    DMA2_Stream7_IRQHandler                  0x0800037b   Thumb Code     0  startup_stm32h750xx.o(.text)
    DMAMUX1_OVR_IRQHandler                   0x0800037b   Thumb Code     0  startup_stm32h750xx.o(.text)
    ECC_IRQHandler                           0x0800037b   Thumb Code     0  startup_stm32h750xx.o(.text)
    ETH_IRQHandler                           0x0800037b   Thumb Code     0  startup_stm32h750xx.o(.text)
    ETH_WKUP_IRQHandler                      0x0800037b   Thumb Code     0  startup_stm32h750xx.o(.text)
    EXTI0_IRQHandler                         0x0800037b   Thumb Code     0  startup_stm32h750xx.o(.text)
    EXTI15_10_IRQHandler                     0x0800037b   Thumb Code     0  startup_stm32h750xx.o(.text)
    EXTI1_IRQHandler                         0x0800037b   Thumb Code     0  startup_stm32h750xx.o(.text)
    EXTI2_IRQHandler                         0x0800037b   Thumb Code     0  startup_stm32h750xx.o(.text)
    EXTI3_IRQHandler                         0x0800037b   Thumb Code     0  startup_stm32h750xx.o(.text)
    EXTI4_IRQHandler                         0x0800037b   Thumb Code     0  startup_stm32h750xx.o(.text)
    EXTI9_5_IRQHandler                       0x0800037b   Thumb Code     0  startup_stm32h750xx.o(.text)
    FDCAN1_IT0_IRQHandler                    0x0800037b   Thumb Code     0  startup_stm32h750xx.o(.text)
    FDCAN1_IT1_IRQHandler                    0x0800037b   Thumb Code     0  startup_stm32h750xx.o(.text)
    FDCAN2_IT0_IRQHandler                    0x0800037b   Thumb Code     0  startup_stm32h750xx.o(.text)
    FDCAN2_IT1_IRQHandler                    0x0800037b   Thumb Code     0  startup_stm32h750xx.o(.text)
    FDCAN_CAL_IRQHandler                     0x0800037b   Thumb Code     0  startup_stm32h750xx.o(.text)
    FLASH_IRQHandler                         0x0800037b   Thumb Code     0  startup_stm32h750xx.o(.text)
    FMC_IRQHandler                           0x0800037b   Thumb Code     0  startup_stm32h750xx.o(.text)
    FPU_IRQHandler                           0x0800037b   Thumb Code     0  startup_stm32h750xx.o(.text)
    HASH_RNG_IRQHandler                      0x0800037b   Thumb Code     0  startup_stm32h750xx.o(.text)
    HRTIM1_FLT_IRQHandler                    0x0800037b   Thumb Code     0  startup_stm32h750xx.o(.text)
    HRTIM1_Master_IRQHandler                 0x0800037b   Thumb Code     0  startup_stm32h750xx.o(.text)
    HRTIM1_TIMA_IRQHandler                   0x0800037b   Thumb Code     0  startup_stm32h750xx.o(.text)
    HRTIM1_TIMB_IRQHandler                   0x0800037b   Thumb Code     0  startup_stm32h750xx.o(.text)
    HRTIM1_TIMC_IRQHandler                   0x0800037b   Thumb Code     0  startup_stm32h750xx.o(.text)
    HRTIM1_TIMD_IRQHandler                   0x0800037b   Thumb Code     0  startup_stm32h750xx.o(.text)
    HRTIM1_TIME_IRQHandler                   0x0800037b   Thumb Code     0  startup_stm32h750xx.o(.text)
    HSEM1_IRQHandler                         0x0800037b   Thumb Code     0  startup_stm32h750xx.o(.text)
    I2C1_ER_IRQHandler                       0x0800037b   Thumb Code     0  startup_stm32h750xx.o(.text)
    I2C1_EV_IRQHandler                       0x0800037b   Thumb Code     0  startup_stm32h750xx.o(.text)
    I2C2_ER_IRQHandler                       0x0800037b   Thumb Code     0  startup_stm32h750xx.o(.text)
    I2C2_EV_IRQHandler                       0x0800037b   Thumb Code     0  startup_stm32h750xx.o(.text)
    I2C3_ER_IRQHandler                       0x0800037b   Thumb Code     0  startup_stm32h750xx.o(.text)
    I2C3_EV_IRQHandler                       0x0800037b   Thumb Code     0  startup_stm32h750xx.o(.text)
    I2C4_ER_IRQHandler                       0x0800037b   Thumb Code     0  startup_stm32h750xx.o(.text)
    I2C4_EV_IRQHandler                       0x0800037b   Thumb Code     0  startup_stm32h750xx.o(.text)
    JPEG_IRQHandler                          0x0800037b   Thumb Code     0  startup_stm32h750xx.o(.text)
    LPTIM1_IRQHandler                        0x0800037b   Thumb Code     0  startup_stm32h750xx.o(.text)
    LPTIM2_IRQHandler                        0x0800037b   Thumb Code     0  startup_stm32h750xx.o(.text)
    LPTIM3_IRQHandler                        0x0800037b   Thumb Code     0  startup_stm32h750xx.o(.text)
    LPTIM4_IRQHandler                        0x0800037b   Thumb Code     0  startup_stm32h750xx.o(.text)
    LPTIM5_IRQHandler                        0x0800037b   Thumb Code     0  startup_stm32h750xx.o(.text)
    LPUART1_IRQHandler                       0x0800037b   Thumb Code     0  startup_stm32h750xx.o(.text)
    LTDC_ER_IRQHandler                       0x0800037b   Thumb Code     0  startup_stm32h750xx.o(.text)
    LTDC_IRQHandler                          0x0800037b   Thumb Code     0  startup_stm32h750xx.o(.text)
    MDIOS_IRQHandler                         0x0800037b   Thumb Code     0  startup_stm32h750xx.o(.text)
    MDIOS_WKUP_IRQHandler                    0x0800037b   Thumb Code     0  startup_stm32h750xx.o(.text)
    MDMA_IRQHandler                          0x0800037b   Thumb Code     0  startup_stm32h750xx.o(.text)
    OTG_FS_EP1_IN_IRQHandler                 0x0800037b   Thumb Code     0  startup_stm32h750xx.o(.text)
    OTG_FS_EP1_OUT_IRQHandler                0x0800037b   Thumb Code     0  startup_stm32h750xx.o(.text)
    OTG_FS_IRQHandler                        0x0800037b   Thumb Code     0  startup_stm32h750xx.o(.text)
    OTG_FS_WKUP_IRQHandler                   0x0800037b   Thumb Code     0  startup_stm32h750xx.o(.text)
    OTG_HS_EP1_IN_IRQHandler                 0x0800037b   Thumb Code     0  startup_stm32h750xx.o(.text)
    OTG_HS_EP1_OUT_IRQHandler                0x0800037b   Thumb Code     0  startup_stm32h750xx.o(.text)
    OTG_HS_IRQHandler                        0x0800037b   Thumb Code     0  startup_stm32h750xx.o(.text)
    OTG_HS_WKUP_IRQHandler                   0x0800037b   Thumb Code     0  startup_stm32h750xx.o(.text)
    PVD_AVD_IRQHandler                       0x0800037b   Thumb Code     0  startup_stm32h750xx.o(.text)
    QUADSPI_IRQHandler                       0x0800037b   Thumb Code     0  startup_stm32h750xx.o(.text)
    RCC_IRQHandler                           0x0800037b   Thumb Code     0  startup_stm32h750xx.o(.text)
    RTC_Alarm_IRQHandler                     0x0800037b   Thumb Code     0  startup_stm32h750xx.o(.text)
    RTC_WKUP_IRQHandler                      0x0800037b   Thumb Code     0  startup_stm32h750xx.o(.text)
    SAI1_IRQHandler                          0x0800037b   Thumb Code     0  startup_stm32h750xx.o(.text)
    SAI2_IRQHandler                          0x0800037b   Thumb Code     0  startup_stm32h750xx.o(.text)
    SAI3_IRQHandler                          0x0800037b   Thumb Code     0  startup_stm32h750xx.o(.text)
    SAI4_IRQHandler                          0x0800037b   Thumb Code     0  startup_stm32h750xx.o(.text)
    SDMMC1_IRQHandler                        0x0800037b   Thumb Code     0  startup_stm32h750xx.o(.text)
    SDMMC2_IRQHandler                        0x0800037b   Thumb Code     0  startup_stm32h750xx.o(.text)
    SPDIF_RX_IRQHandler                      0x0800037b   Thumb Code     0  startup_stm32h750xx.o(.text)
    SPI1_IRQHandler                          0x0800037b   Thumb Code     0  startup_stm32h750xx.o(.text)
    SPI2_IRQHandler                          0x0800037b   Thumb Code     0  startup_stm32h750xx.o(.text)
    SPI3_IRQHandler                          0x0800037b   Thumb Code     0  startup_stm32h750xx.o(.text)
    SPI4_IRQHandler                          0x0800037b   Thumb Code     0  startup_stm32h750xx.o(.text)
    SPI5_IRQHandler                          0x0800037b   Thumb Code     0  startup_stm32h750xx.o(.text)
    SPI6_IRQHandler                          0x0800037b   Thumb Code     0  startup_stm32h750xx.o(.text)
    SWPMI1_IRQHandler                        0x0800037b   Thumb Code     0  startup_stm32h750xx.o(.text)
    TAMP_STAMP_IRQHandler                    0x0800037b   Thumb Code     0  startup_stm32h750xx.o(.text)
    TIM15_IRQHandler                         0x0800037b   Thumb Code     0  startup_stm32h750xx.o(.text)
    TIM16_IRQHandler                         0x0800037b   Thumb Code     0  startup_stm32h750xx.o(.text)
    TIM17_IRQHandler                         0x0800037b   Thumb Code     0  startup_stm32h750xx.o(.text)
    TIM1_BRK_IRQHandler                      0x0800037b   Thumb Code     0  startup_stm32h750xx.o(.text)
    TIM1_CC_IRQHandler                       0x0800037b   Thumb Code     0  startup_stm32h750xx.o(.text)
    TIM1_TRG_COM_IRQHandler                  0x0800037b   Thumb Code     0  startup_stm32h750xx.o(.text)
    TIM1_UP_IRQHandler                       0x0800037b   Thumb Code     0  startup_stm32h750xx.o(.text)
    TIM2_IRQHandler                          0x0800037b   Thumb Code     0  startup_stm32h750xx.o(.text)
    TIM3_IRQHandler                          0x0800037b   Thumb Code     0  startup_stm32h750xx.o(.text)
    TIM4_IRQHandler                          0x0800037b   Thumb Code     0  startup_stm32h750xx.o(.text)
    TIM5_IRQHandler                          0x0800037b   Thumb Code     0  startup_stm32h750xx.o(.text)
    TIM6_DAC_IRQHandler                      0x0800037b   Thumb Code     0  startup_stm32h750xx.o(.text)
    TIM7_IRQHandler                          0x0800037b   Thumb Code     0  startup_stm32h750xx.o(.text)
    TIM8_BRK_TIM12_IRQHandler                0x0800037b   Thumb Code     0  startup_stm32h750xx.o(.text)
    TIM8_CC_IRQHandler                       0x0800037b   Thumb Code     0  startup_stm32h750xx.o(.text)
    TIM8_TRG_COM_TIM14_IRQHandler            0x0800037b   Thumb Code     0  startup_stm32h750xx.o(.text)
    TIM8_UP_TIM13_IRQHandler                 0x0800037b   Thumb Code     0  startup_stm32h750xx.o(.text)
    UART4_IRQHandler                         0x0800037b   Thumb Code     0  startup_stm32h750xx.o(.text)
    UART5_IRQHandler                         0x0800037b   Thumb Code     0  startup_stm32h750xx.o(.text)
    UART7_IRQHandler                         0x0800037b   Thumb Code     0  startup_stm32h750xx.o(.text)
    UART8_IRQHandler                         0x0800037b   Thumb Code     0  startup_stm32h750xx.o(.text)
    USART1_IRQHandler                        0x0800037b   Thumb Code     0  startup_stm32h750xx.o(.text)
    USART2_IRQHandler                        0x0800037b   Thumb Code     0  startup_stm32h750xx.o(.text)
    USART3_IRQHandler                        0x0800037b   Thumb Code     0  startup_stm32h750xx.o(.text)
    USART6_IRQHandler                        0x0800037b   Thumb Code     0  startup_stm32h750xx.o(.text)
    WAKEUP_PIN_IRQHandler                    0x0800037b   Thumb Code     0  startup_stm32h750xx.o(.text)
    WWDG_IRQHandler                          0x0800037b   Thumb Code     0  startup_stm32h750xx.o(.text)
    __user_initial_stackheap                 0x0800037d   Thumb Code     0  startup_stm32h750xx.o(.text)
    __aeabi_uldivmod                         0x080003a1   Thumb Code     0  lludivv7m.o(.text)
    _ll_udiv                                 0x080003a1   Thumb Code   238  lludivv7m.o(.text)
    __2printf                                0x08000491   Thumb Code    20  noretval__2printf.o(.text)
    __printf                                 0x080004a9   Thumb Code   270  __printf_wp.o(.text)
    __aeabi_memclr4                          0x080005b7   Thumb Code     0  rt_memclr_w.o(.text)
    __aeabi_memclr8                          0x080005b7   Thumb Code     0  rt_memclr_w.o(.text)
    __rt_memclr_w                            0x080005b7   Thumb Code    78  rt_memclr_w.o(.text)
    _memset_w                                0x080005bb   Thumb Code     0  rt_memclr_w.o(.text)
    __use_two_region_memory                  0x08000605   Thumb Code     2  heapauxi.o(.text)
    __rt_heap_escrow                         0x08000607   Thumb Code     2  heapauxi.o(.text)
    __rt_heap_expand                         0x08000609   Thumb Code     2  heapauxi.o(.text)
    __lib_sel_fp_printf                      0x0800060b   Thumb Code     2  _printf_fp_dec.o(.text)
    _printf_fp_dec_real                      0x080007bd   Thumb Code   620  _printf_fp_dec.o(.text)
    _printf_char_file                        0x08000a29   Thumb Code    32  _printf_char_file.o(.text)
    __rt_locale                              0x08000a4d   Thumb Code     8  rt_locale_intlibspace.o(.text)
    _ll_udiv10                               0x08000a55   Thumb Code   138  lludiv10.o(.text)
    _printf_char_common                      0x08000aeb   Thumb Code    32  _printf_char_common.o(.text)
    _printf_fp_infnan                        0x08000b11   Thumb Code   112  _printf_fp_infnan.o(.text)
    _btod_etento                             0x08000b91   Thumb Code   224  bigflt0.o(.text)
    ferror                                   0x08000c75   Thumb Code     8  ferror.o(.text)
    _initio                                  0x08000c7d   Thumb Code   210  initio.o(.text)
    _terminateio                             0x08000d4f   Thumb Code    56  initio.o(.text)
    _sys_open                                0x08000db5   Thumb Code    20  sys_io.o(.text)
    _sys_close                               0x08000dc9   Thumb Code    12  sys_io.o(.text)
    _sys_write                               0x08000dd5   Thumb Code    16  sys_io.o(.text)
    _sys_read                                0x08000de5   Thumb Code    14  sys_io.o(.text)
    _sys_istty                               0x08000df3   Thumb Code    12  sys_io.o(.text)
    _sys_seek                                0x08000dff   Thumb Code    14  sys_io.o(.text)
    _sys_ensure                              0x08000e0d   Thumb Code     2  sys_io.o(.text)
    _sys_flen                                0x08000e0f   Thumb Code    12  sys_io.o(.text)
    __user_libspace                          0x08000e1d   Thumb Code     8  libspace.o(.text)
    __user_perproc_libspace                  0x08000e1d   Thumb Code     0  libspace.o(.text)
    __user_perthread_libspace                0x08000e1d   Thumb Code     0  libspace.o(.text)
    __user_setup_stackheap                   0x08000e25   Thumb Code    74  sys_stackheap_outer.o(.text)
    free                                     0x08000e6f   Thumb Code    78  h1_free.o(.text)
    setvbuf                                  0x08000ebd   Thumb Code    70  setvbuf.o(.text)
    freopen                                  0x08000f05   Thumb Code   158  fopen.o(.text)
    fopen                                    0x08000fa3   Thumb Code    74  fopen.o(.text)
    _fclose_internal                         0x08000ff1   Thumb Code    76  fclose.o(.text)
    fclose                                   0x08000ff1   Thumb Code     0  fclose.o(.text)
    exit                                     0x0800103d   Thumb Code    18  exit.o(.text)
    __rt_SIGRTRED                            0x0800104f   Thumb Code    14  defsig_rtred_outer.o(.text)
    strcmp                                   0x0800105d   Thumb Code   104  strcmpv7m_pel.o(.text)
    __I$use$semihosting                      0x080010c5   Thumb Code     0  use_no_semi.o(.text)
    __use_no_semihosting_swi                 0x080010c5   Thumb Code     2  use_no_semi.o(.text)
    __semihosting_library_function           0x080010c7   Thumb Code     0  indicate_semi.o(.text)
    __rt_heap_descriptor                     0x080010c9   Thumb Code     8  rt_heap_descriptor_intlibspace.o(.text)
    __use_no_heap                            0x080010d1   Thumb Code     2  hguard.o(.text)
    __heap$guard                             0x080010d3   Thumb Code     2  hguard.o(.text)
    _terminate_user_alloc                    0x080010d5   Thumb Code     2  init_alloc.o(.text)
    _init_user_alloc                         0x080010d7   Thumb Code     2  init_alloc.o(.text)
    __Heap_Full                              0x080010d9   Thumb Code    34  init_alloc.o(.text)
    __Heap_Broken                            0x080010fb   Thumb Code     6  init_alloc.o(.text)
    _init_alloc                              0x08001101   Thumb Code    94  init_alloc.o(.text)
    malloc                                   0x0800115f   Thumb Code    94  h1_alloc.o(.text)
    _fseek                                   0x080011bd   Thumb Code   242  fseek.o(.text)
    fseek                                    0x080011bd   Thumb Code     0  fseek.o(.text)
    _seterr                                  0x080012b5   Thumb Code    20  stdio.o(.text)
    _writebuf                                0x080012c9   Thumb Code    84  stdio.o(.text)
    _fflush                                  0x0800131d   Thumb Code    70  stdio.o(.text)
    _deferredlazyseek                        0x08001363   Thumb Code    60  stdio.o(.text)
    __sig_exit                               0x080013a5   Thumb Code    10  defsig_exit.o(.text)
    __rt_SIGRTRED_inner                      0x080013b1   Thumb Code    14  defsig_rtred_inner.o(.text)
    strlen                                   0x080013e5   Thumb Code    62  strlen.o(.text)
    _sys_exit                                0x08001425   Thumb Code     8  sys_exit.o(.text)
    __Heap_Initialize                        0x08001431   Thumb Code    10  h1_init.o(.text)
    __Heap_DescSize                          0x0800143b   Thumb Code     4  h1_init.o(.text)
    __Heap_ProvideMemory                     0x0800143f   Thumb Code    52  h1_extend.o(.text)
    _ftell_internal                          0x08001473   Thumb Code    66  ftell.o(.text)
    ftell                                    0x08001473   Thumb Code     0  ftell.o(.text)
    __default_signal_display                 0x080014b5   Thumb Code    50  defsig_general.o(.text)
    __rt_SIGRTMEM                            0x080014e7   Thumb Code    14  defsig_rtmem_outer.o(.text)
    _ttywrch                                 0x080014f5   Thumb Code    14  sys_wrch.o(.text)
    __aeabi_errno_addr                       0x08001505   Thumb Code     8  rt_errno_addr_intlibspace.o(.text)
    __errno$intlibspace                      0x08001505   Thumb Code     0  rt_errno_addr_intlibspace.o(.text)
    __rt_errno_addr$intlibspace              0x08001505   Thumb Code     0  rt_errno_addr_intlibspace.o(.text)
    __rt_SIGRTMEM_inner                      0x0800150d   Thumb Code    22  defsig_rtmem_inner.o(.text)
    _btod_d2e                                0x0800155d   Thumb Code    62  btod.o(CL$$btod_d2e)
    _d2e_denorm_low                          0x0800159b   Thumb Code    70  btod.o(CL$$btod_d2e_denorm_low)
    _d2e_norm_op1                            0x080015e1   Thumb Code    96  btod.o(CL$$btod_d2e_norm_op1)
    __btod_div_common                        0x08001641   Thumb Code   696  btod.o(CL$$btod_div_common)
    _e2e                                     0x08001979   Thumb Code   220  btod.o(CL$$btod_e2e)
    _btod_ediv                               0x08001a55   Thumb Code    42  btod.o(CL$$btod_ediv)
    _btod_emul                               0x08001a7f   Thumb Code    42  btod.o(CL$$btod_emul)
    __btod_mult_common                       0x08001aa9   Thumb Code   580  btod.o(CL$$btod_mult_common)
    ADC_ConfigureBoostMode                   0x08001ced   Thumb Code   234  stm32h7xx_hal_adc.o(i.ADC_ConfigureBoostMode)
    ADC_ConversionStop                       0x08001df5   Thumb Code   220  stm32h7xx_hal_adc.o(i.ADC_ConversionStop)
    ADC_DMAConvCplt                          0x08001ed9   Thumb Code   104  stm32h7xx_hal_adc.o(i.ADC_DMAConvCplt)
    ADC_DMAError                             0x08001f41   Thumb Code    26  stm32h7xx_hal_adc.o(i.ADC_DMAError)
    ADC_DMAHalfConvCplt                      0x08001f5b   Thumb Code    10  stm32h7xx_hal_adc.o(i.ADC_DMAHalfConvCplt)
    ADC_Disable                              0x08001f65   Thumb Code   106  stm32h7xx_hal_adc.o(i.ADC_Disable)
    ADC_Enable                               0x08001fd5   Thumb Code   148  stm32h7xx_hal_adc.o(i.ADC_Enable)
    BDMA_Channel0_IRQHandler                 0x0800207d   Thumb Code     6  stm32h7xx_it.o(i.BDMA_Channel0_IRQHandler)
    BusFault_Handler                         0x08002089   Thumb Code     2  stm32h7xx_it.o(i.BusFault_Handler)
    DMA1_Stream0_IRQHandler                  0x0800208d   Thumb Code     6  stm32h7xx_it.o(i.DMA1_Stream0_IRQHandler)
    DMAMUX2_OVR_IRQHandler                   0x08002099   Thumb Code     2  stm32h7xx_it.o(i.DMAMUX2_OVR_IRQHandler)
    DebugMon_Handler                         0x080024d5   Thumb Code     2  stm32h7xx_it.o(i.DebugMon_Handler)
    Error_Handler                            0x080024d7   Thumb Code     4  main.o(i.Error_Handler)
    HAL_ADCEx_Calibration_Start              0x080024dd   Thumb Code   146  stm32h7xx_hal_adc_ex.o(i.HAL_ADCEx_Calibration_Start)
    HAL_ADCEx_MultiModeConfigChannel         0x08002579   Thumb Code   274  stm32h7xx_hal_adc_ex.o(i.HAL_ADCEx_MultiModeConfigChannel)
    HAL_ADC_ConfigChannel                    0x080026a1   Thumb Code   928  stm32h7xx_hal_adc.o(i.HAL_ADC_ConfigChannel)
    HAL_ADC_ConvCpltCallback                 0x08002a79   Thumb Code    28  adc.o(i.HAL_ADC_ConvCpltCallback)
    HAL_ADC_ConvHalfCpltCallback             0x08002a9d   Thumb Code     2  stm32h7xx_hal_adc.o(i.HAL_ADC_ConvHalfCpltCallback)
    HAL_ADC_ErrorCallback                    0x08002a9f   Thumb Code     2  stm32h7xx_hal_adc.o(i.HAL_ADC_ErrorCallback)
    HAL_ADC_Init                             0x08002aa1   Thumb Code   498  stm32h7xx_hal_adc.o(i.HAL_ADC_Init)
    HAL_ADC_MspInit                          0x08002cc9   Thumb Code   278  adc.o(i.HAL_ADC_MspInit)
    HAL_ADC_Start_DMA                        0x08002e05   Thumb Code   230  stm32h7xx_hal_adc.o(i.HAL_ADC_Start_DMA)
    HAL_ADC_Stop_DMA                         0x08002f0d   Thumb Code   122  stm32h7xx_hal_adc.o(i.HAL_ADC_Stop_DMA)
    HAL_DMA_Abort                            0x08002f89   Thumb Code   836  stm32h7xx_hal_dma.o(i.HAL_DMA_Abort)
    HAL_DMA_IRQHandler                       0x080032e9   Thumb Code  1756  stm32h7xx_hal_dma.o(i.HAL_DMA_IRQHandler)
    HAL_DMA_Init                             0x080039d1   Thumb Code   926  stm32h7xx_hal_dma.o(i.HAL_DMA_Init)
    HAL_DMA_Start_IT                         0x08003d95   Thumb Code   628  stm32h7xx_hal_dma.o(i.HAL_DMA_Start_IT)
    HAL_GPIO_Init                            0x08004031   Thumb Code   506  stm32h7xx_hal_gpio.o(i.HAL_GPIO_Init)
    HAL_GetREVID                             0x0800425d   Thumb Code     8  stm32h7xx_hal.o(i.HAL_GetREVID)
    HAL_GetTick                              0x08004269   Thumb Code     6  stm32h7xx_hal.o(i.HAL_GetTick)
    HAL_IncTick                              0x08004275   Thumb Code    12  stm32h7xx_hal.o(i.HAL_IncTick)
    HAL_Init                                 0x08004285   Thumb Code    74  stm32h7xx_hal.o(i.HAL_Init)
    HAL_InitTick                             0x080042e1   Thumb Code    56  stm32h7xx_hal.o(i.HAL_InitTick)
    HAL_MspInit                              0x08004321   Thumb Code    22  stm32h7xx_hal_msp.o(i.HAL_MspInit)
    HAL_NVIC_EnableIRQ                       0x0800433d   Thumb Code    26  stm32h7xx_hal_cortex.o(i.HAL_NVIC_EnableIRQ)
    HAL_NVIC_SetPriority                     0x08004359   Thumb Code    60  stm32h7xx_hal_cortex.o(i.HAL_NVIC_SetPriority)
    HAL_NVIC_SetPriorityGrouping             0x08004399   Thumb Code    28  stm32h7xx_hal_cortex.o(i.HAL_NVIC_SetPriorityGrouping)
    HAL_PWREx_ConfigSupply                   0x080043bd   Thumb Code    78  stm32h7xx_hal_pwr_ex.o(i.HAL_PWREx_ConfigSupply)
    HAL_RCCEx_GetD3PCLK1Freq                 0x08004411   Thumb Code    26  stm32h7xx_hal_rcc_ex.o(i.HAL_RCCEx_GetD3PCLK1Freq)
    HAL_RCCEx_GetPLL1ClockFreq               0x08004435   Thumb Code   298  stm32h7xx_hal_rcc_ex.o(i.HAL_RCCEx_GetPLL1ClockFreq)
    HAL_RCCEx_GetPLL2ClockFreq               0x0800457d   Thumb Code   296  stm32h7xx_hal_rcc_ex.o(i.HAL_RCCEx_GetPLL2ClockFreq)
    HAL_RCCEx_GetPLL3ClockFreq               0x080046c1   Thumb Code   296  stm32h7xx_hal_rcc_ex.o(i.HAL_RCCEx_GetPLL3ClockFreq)
    HAL_RCCEx_GetPeriphCLKFreq               0x08004805   Thumb Code   596  stm32h7xx_hal_rcc_ex.o(i.HAL_RCCEx_GetPeriphCLKFreq)
    HAL_RCCEx_PeriphCLKConfig                0x08004a71   Thumb Code  2258  stm32h7xx_hal_rcc_ex.o(i.HAL_RCCEx_PeriphCLKConfig)
    HAL_RCC_ClockConfig                      0x08005345   Thumb Code   580  stm32h7xx_hal_rcc.o(i.HAL_RCC_ClockConfig)
    HAL_RCC_GetHCLKFreq                      0x080055a1   Thumb Code    52  stm32h7xx_hal_rcc.o(i.HAL_RCC_GetHCLKFreq)
    HAL_RCC_GetPCLK1Freq                     0x080055e5   Thumb Code    26  stm32h7xx_hal_rcc.o(i.HAL_RCC_GetPCLK1Freq)
    HAL_RCC_GetPCLK2Freq                     0x08005609   Thumb Code    26  stm32h7xx_hal_rcc.o(i.HAL_RCC_GetPCLK2Freq)
    HAL_RCC_GetSysClockFreq                  0x0800562d   Thumb Code   278  stm32h7xx_hal_rcc.o(i.HAL_RCC_GetSysClockFreq)
    HAL_RCC_OscConfig                        0x08005765   Thumb Code  1322  stm32h7xx_hal_rcc.o(i.HAL_RCC_OscConfig)
    HAL_SYSCFG_AnalogSwitchConfig            0x08005c95   Thumb Code    12  stm32h7xx_hal.o(i.HAL_SYSCFG_AnalogSwitchConfig)
    HAL_SYSTICK_Config                       0x08005ca5   Thumb Code    38  stm32h7xx_hal_cortex.o(i.HAL_SYSTICK_Config)
    HAL_UARTEx_DisableFifoMode               0x08005ccb   Thumb Code    64  stm32h7xx_hal_uart_ex.o(i.HAL_UARTEx_DisableFifoMode)
    HAL_UARTEx_RxEventCallback               0x08005d0b   Thumb Code     2  stm32h7xx_hal_uart.o(i.HAL_UARTEx_RxEventCallback)
    HAL_UARTEx_SetRxFifoThreshold            0x08005d0d   Thumb Code    76  stm32h7xx_hal_uart_ex.o(i.HAL_UARTEx_SetRxFifoThreshold)
    HAL_UARTEx_SetTxFifoThreshold            0x08005d59   Thumb Code    76  stm32h7xx_hal_uart_ex.o(i.HAL_UARTEx_SetTxFifoThreshold)
    HAL_UART_ErrorCallback                   0x08005da5   Thumb Code     2  stm32h7xx_hal_uart.o(i.HAL_UART_ErrorCallback)
    HAL_UART_Init                            0x08005da7   Thumb Code   106  stm32h7xx_hal_uart.o(i.HAL_UART_Init)
    HAL_UART_MspInit                         0x08005e11   Thumb Code   116  usart.o(i.HAL_UART_MspInit)
    HAL_UART_Receive_IT                      0x08005e91   Thumb Code    80  stm32h7xx_hal_uart.o(i.HAL_UART_Receive_IT)
    HAL_UART_RxCpltCallback                  0x08005ee5   Thumb Code    14  usart.o(i.HAL_UART_RxCpltCallback)
    HAL_UART_Transmit                        0x08005efd   Thumb Code   190  stm32h7xx_hal_uart.o(i.HAL_UART_Transmit)
    HardFault_Handler                        0x08005fbb   Thumb Code     2  stm32h7xx_it.o(i.HardFault_Handler)
    MX_ADC1_Init                             0x08006005   Thumb Code   232  adc.o(i.MX_ADC1_Init)
    MX_ADC3_Init                             0x0800610d   Thumb Code   164  adc.o(i.MX_ADC3_Init)
    MX_BDMA_Init                             0x080061c9   Thumb Code    56  bdma.o(i.MX_BDMA_Init)
    MX_DMA_Init                              0x08006205   Thumb Code    40  dma.o(i.MX_DMA_Init)
    MX_GPIO_Init                             0x08006231   Thumb Code    86  gpio.o(i.MX_GPIO_Init)
    MX_USART3_UART_Init                      0x0800628d   Thumb Code    94  usart.o(i.MX_USART3_UART_Init)
    MemManage_Handler                        0x080062f5   Thumb Code     2  stm32h7xx_it.o(i.MemManage_Handler)
    NMI_Handler                              0x080062f7   Thumb Code     2  stm32h7xx_it.o(i.NMI_Handler)
    PendSV_Handler                           0x080062f9   Thumb Code     2  stm32h7xx_it.o(i.PendSV_Handler)
    PeriphCommonClock_Config                 0x080062fb   Thumb Code    62  main.o(i.PeriphCommonClock_Config)
    SVC_Handler                              0x08006579   Thumb Code     2  stm32h7xx_it.o(i.SVC_Handler)
    SysTick_Handler                          0x0800657b   Thumb Code     4  stm32h7xx_it.o(i.SysTick_Handler)
    SystemClock_Config                       0x08006581   Thumb Code   172  main.o(i.SystemClock_Config)
    SystemInit                               0x08006639   Thumb Code   180  system_stm32h7xx.o(i.SystemInit)
    UART_AdvFeatureConfig                    0x08006759   Thumb Code   200  stm32h7xx_hal_uart.o(i.UART_AdvFeatureConfig)
    UART_CheckIdleState                      0x08006821   Thumb Code    96  stm32h7xx_hal_uart.o(i.UART_CheckIdleState)
    UART_SetConfig                           0x08006cb1   Thumb Code   876  stm32h7xx_hal_uart.o(i.UART_SetConfig)
    UART_Start_Receive_IT                    0x0800705d   Thumb Code   262  stm32h7xx_hal_uart.o(i.UART_Start_Receive_IT)
    UART_WaitOnFlagUntilTimeout              0x08007175   Thumb Code   202  stm32h7xx_hal_uart.o(i.UART_WaitOnFlagUntilTimeout)
    UsageFault_Handler                       0x0800723f   Thumb Code     2  stm32h7xx_it.o(i.UsageFault_Handler)
    __ARM_fpclassify                         0x08007241   Thumb Code    48  fpclassify.o(i.__ARM_fpclassify)
    _is_digit                                0x08007293   Thumb Code    14  __printf_wp.o(i._is_digit)
    fputc                                    0x080072a1   Thumb Code    20  usart.o(i.fputc)
    main                                     0x080072b9   Thumb Code   538  main.o(i.main)
    _get_lc_numeric                          0x080075fd   Thumb Code    44  lc_numeric_c.o(locale$$code)
    _fp_init                                 0x08007629   Thumb Code    10  fpinit.o(x$fpl$fpinit)
    __fplib_config_fpu_vfp                   0x08007631   Thumb Code     0  fpinit.o(x$fpl$fpinit)
    __fplib_config_pureend_doubles           0x08007631   Thumb Code     0  fpinit.o(x$fpl$fpinit)
    _printf_fp_dec                           0x08007633   Thumb Code     4  printf1.o(x$fpl$printf1)
    __I$use$fp                               0x08007636   Number         0  usenofp.o(x$fpl$usenofp)
    UARTPrescTable                           0x0800763e   Data          24  stm32h7xx_hal_uart.o(.constdata)
    D1CorePrescTable                         0x08007666   Data          16  system_stm32h7xx.o(.constdata)
    __stdin_name                             0x0800770c   Data           4  sys_io.o(.constdata)
    __stdout_name                            0x08007710   Data           4  sys_io.o(.constdata)
    __stderr_name                            0x08007714   Data           4  sys_io.o(.constdata)
    Region$$Table$$Base                      0x08007718   Number         0  anon$$obj.o(Region$$Table)
    Region$$Table$$Limit                     0x08007738   Number         0  anon$$obj.o(Region$$Table)
    c                                        0x24000000   Data           4  main.o(.data)
    c_temp                                   0x24000004   Data           4  main.o(.data)
    ADC1_DMA_FLAG                            0x24000008   Data           1  adc.o(.data)
    ADC3_DMA_FLAG                            0x24000009   Data           1  adc.o(.data)
    VREFINT_CAL                              0x2400000a   Data           2  adc.o(.data)
    USART3_IT_FLAG                           0x2400000c   Data           1  usart.o(.data)
    USART3_Buffer                            0x2400000d   Data           5  usart.o(.data)
    uwTickFreq                               0x24000014   Data           1  stm32h7xx_hal.o(.data)
    uwTickPrio                               0x24000018   Data           4  stm32h7xx_hal.o(.data)
    uwTick                                   0x2400001c   Data           4  stm32h7xx_hal.o(.data)
    SystemCoreClock                          0x24000020   Data           4  system_stm32h7xx.o(.data)
    SystemD2Clock                            0x24000024   Data           4  system_stm32h7xx.o(.data)
    __aeabi_stdin                            0x24000028   Data           4  stdio_streams.o(.data)
    __aeabi_stdout                           0x2400002c   Data           4  stdio_streams.o(.data)
    __aeabi_stderr                           0x24000030   Data           4  stdio_streams.o(.data)
    ADC1_ConvData                            0x24000034   Data          20  adc.o(.bss)
    ADC3_ConvData                            0x24000048   Data          12  adc.o(.bss)
    ADC1_ConvValue                           0x24000054   Data          20  adc.o(.bss)
    ADC3_ConvValue                           0x24000068   Data          12  adc.o(.bss)
    hadc1                                    0x24000074   Data         100  adc.o(.bss)
    hadc3                                    0x240000d8   Data         100  adc.o(.bss)
    hdma_adc1                                0x2400013c   Data         120  adc.o(.bss)
    hdma_adc3                                0x240001b4   Data         120  adc.o(.bss)
    huart3                                   0x2400022c   Data         144  usart.o(.bss)
    __stdin                                  0x240002bc   Data          84  stdio_streams.o(.bss)
    __stdout                                 0x24000310   Data          84  stdio_streams.o(.bss)
    __stderr                                 0x24000364   Data          84  stdio_streams.o(.bss)
    __libspace_start                         0x240003b8   Data          96  libspace.o(.bss)
    __temporary_stack_top$libspace           0x24000418   Data           0  libspace.o(.bss)



==============================================================================

Memory Map of the image

  Image Entry point : 0x08000299

  Load Region LR_IROM1 (Base: 0x08000000, Size: 0x00007788, Max: 0x00020000, ABSOLUTE)

    Execution Region ER_IROM1 (Exec base: 0x08000000, Load base: 0x08000000, Size: 0x00007754, Max: 0x00020000, ABSOLUTE)

    Exec Addr    Load Addr    Size         Type   Attr      Idx    E Section Name        Object

    0x08000000   0x08000000   0x00000298   Data   RO            3    RESET               startup_stm32h750xx.o
    0x08000298   0x08000298   0x00000008   Code   RO         3970  * !!!main             c_w.l(__main.o)
    0x080002a0   0x080002a0   0x00000034   Code   RO         4349    !!!scatter          c_w.l(__scatter.o)
    0x080002d4   0x080002d4   0x0000001a   Code   RO         4351    !!handler_copy      c_w.l(__scatter_copy.o)
    0x080002ee   0x080002ee   0x00000002   PAD
    0x080002f0   0x080002f0   0x0000001c   Code   RO         4353    !!handler_zi        c_w.l(__scatter_zi.o)
    0x0800030c   0x0800030c   0x00000000   Code   RO         3965    .ARM.Collect$$_printf_percent$$00000000  c_w.l(_printf_percent.o)
    0x0800030c   0x0800030c   0x00000006   Code   RO         3964    .ARM.Collect$$_printf_percent$$00000003  c_w.l(_printf_f.o)
    0x08000312   0x08000312   0x00000004   Code   RO         3983    .ARM.Collect$$_printf_percent$$00000017  c_w.l(_printf_percent_end.o)
    0x08000316   0x08000316   0x00000002   Code   RO         4157    .ARM.Collect$$libinit$$00000000  c_w.l(libinit.o)
    0x08000318   0x08000318   0x00000004   Code   RO         4158    .ARM.Collect$$libinit$$00000001  c_w.l(libinit2.o)
    0x0800031c   0x0800031c   0x00000000   Code   RO         4161    .ARM.Collect$$libinit$$00000004  c_w.l(libinit2.o)
    0x0800031c   0x0800031c   0x00000008   Code   RO         4162    .ARM.Collect$$libinit$$00000005  c_w.l(libinit2.o)
    0x08000324   0x08000324   0x00000000   Code   RO         4164    .ARM.Collect$$libinit$$0000000A  c_w.l(libinit2.o)
    0x08000324   0x08000324   0x00000000   Code   RO         4166    .ARM.Collect$$libinit$$0000000C  c_w.l(libinit2.o)
    0x08000324   0x08000324   0x00000000   Code   RO         4168    .ARM.Collect$$libinit$$0000000E  c_w.l(libinit2.o)
    0x08000324   0x08000324   0x00000006   Code   RO         4169    .ARM.Collect$$libinit$$0000000F  c_w.l(libinit2.o)
    0x0800032a   0x0800032a   0x00000000   Code   RO         4171    .ARM.Collect$$libinit$$00000011  c_w.l(libinit2.o)
    0x0800032a   0x0800032a   0x00000000   Code   RO         4173    .ARM.Collect$$libinit$$00000013  c_w.l(libinit2.o)
    0x0800032a   0x0800032a   0x00000000   Code   RO         4175    .ARM.Collect$$libinit$$00000015  c_w.l(libinit2.o)
    0x0800032a   0x0800032a   0x0000000a   Code   RO         4176    .ARM.Collect$$libinit$$00000016  c_w.l(libinit2.o)
    0x08000334   0x08000334   0x00000000   Code   RO         4177    .ARM.Collect$$libinit$$00000017  c_w.l(libinit2.o)
    0x08000334   0x08000334   0x00000000   Code   RO         4179    .ARM.Collect$$libinit$$00000019  c_w.l(libinit2.o)
    0x08000334   0x08000334   0x00000000   Code   RO         4181    .ARM.Collect$$libinit$$0000001B  c_w.l(libinit2.o)
    0x08000334   0x08000334   0x00000000   Code   RO         4183    .ARM.Collect$$libinit$$0000001D  c_w.l(libinit2.o)
    0x08000334   0x08000334   0x00000000   Code   RO         4185    .ARM.Collect$$libinit$$0000001F  c_w.l(libinit2.o)
    0x08000334   0x08000334   0x00000000   Code   RO         4187    .ARM.Collect$$libinit$$00000021  c_w.l(libinit2.o)
    0x08000334   0x08000334   0x00000000   Code   RO         4189    .ARM.Collect$$libinit$$00000023  c_w.l(libinit2.o)
    0x08000334   0x08000334   0x00000004   Code   RO         4190    .ARM.Collect$$libinit$$00000024  c_w.l(libinit2.o)
    0x08000338   0x08000338   0x00000000   Code   RO         4191    .ARM.Collect$$libinit$$00000025  c_w.l(libinit2.o)
    0x08000338   0x08000338   0x00000000   Code   RO         4195    .ARM.Collect$$libinit$$0000002C  c_w.l(libinit2.o)
    0x08000338   0x08000338   0x00000000   Code   RO         4197    .ARM.Collect$$libinit$$0000002E  c_w.l(libinit2.o)
    0x08000338   0x08000338   0x00000000   Code   RO         4199    .ARM.Collect$$libinit$$00000030  c_w.l(libinit2.o)
    0x08000338   0x08000338   0x00000000   Code   RO         4201    .ARM.Collect$$libinit$$00000032  c_w.l(libinit2.o)
    0x08000338   0x08000338   0x00000002   Code   RO         4202    .ARM.Collect$$libinit$$00000033  c_w.l(libinit2.o)
    0x0800033a   0x0800033a   0x00000002   Code   RO         4330    .ARM.Collect$$libshutdown$$00000000  c_w.l(libshutdown.o)
    0x0800033c   0x0800033c   0x00000000   Code   RO         4204    .ARM.Collect$$libshutdown$$00000002  c_w.l(libshutdown2.o)
    0x0800033c   0x0800033c   0x00000000   Code   RO         4206    .ARM.Collect$$libshutdown$$00000004  c_w.l(libshutdown2.o)
    0x0800033c   0x0800033c   0x00000004   Code   RO         4207    .ARM.Collect$$libshutdown$$00000005  c_w.l(libshutdown2.o)
    0x08000340   0x08000340   0x00000000   Code   RO         4208    .ARM.Collect$$libshutdown$$00000006  c_w.l(libshutdown2.o)
    0x08000340   0x08000340   0x00000000   Code   RO         4211    .ARM.Collect$$libshutdown$$00000009  c_w.l(libshutdown2.o)
    0x08000340   0x08000340   0x00000000   Code   RO         4214    .ARM.Collect$$libshutdown$$0000000C  c_w.l(libshutdown2.o)
    0x08000340   0x08000340   0x00000000   Code   RO         4216    .ARM.Collect$$libshutdown$$0000000E  c_w.l(libshutdown2.o)
    0x08000340   0x08000340   0x00000000   Code   RO         4219    .ARM.Collect$$libshutdown$$00000011  c_w.l(libshutdown2.o)
    0x08000340   0x08000340   0x00000002   Code   RO         4220    .ARM.Collect$$libshutdown$$00000012  c_w.l(libshutdown2.o)
    0x08000342   0x08000342   0x00000000   Code   RO         3974    .ARM.Collect$$rtentry$$00000000  c_w.l(__rtentry.o)
    0x08000342   0x08000342   0x00000000   Code   RO         3991    .ARM.Collect$$rtentry$$00000002  c_w.l(__rtentry2.o)
    0x08000342   0x08000342   0x00000006   Code   RO         4003    .ARM.Collect$$rtentry$$00000004  c_w.l(__rtentry4.o)
    0x08000348   0x08000348   0x00000000   Code   RO         3993    .ARM.Collect$$rtentry$$00000009  c_w.l(__rtentry2.o)
    0x08000348   0x08000348   0x00000004   Code   RO         3994    .ARM.Collect$$rtentry$$0000000A  c_w.l(__rtentry2.o)
    0x0800034c   0x0800034c   0x00000000   Code   RO         3996    .ARM.Collect$$rtentry$$0000000C  c_w.l(__rtentry2.o)
    0x0800034c   0x0800034c   0x00000008   Code   RO         3997    .ARM.Collect$$rtentry$$0000000D  c_w.l(__rtentry2.o)
    0x08000354   0x08000354   0x00000002   Code   RO         4224    .ARM.Collect$$rtexit$$00000000  c_w.l(rtexit.o)
    0x08000356   0x08000356   0x00000000   Code   RO         4276    .ARM.Collect$$rtexit$$00000002  c_w.l(rtexit2.o)
    0x08000356   0x08000356   0x00000004   Code   RO         4277    .ARM.Collect$$rtexit$$00000003  c_w.l(rtexit2.o)
    0x0800035a   0x0800035a   0x00000006   Code   RO         4278    .ARM.Collect$$rtexit$$00000004  c_w.l(rtexit2.o)
    0x08000360   0x08000360   0x00000000   Code   RO         4282    .emb_text           c_w.l(maybetermalloc1.o)
    0x08000360   0x08000360   0x00000040   Code   RO            4    .text               startup_stm32h750xx.o
    0x080003a0   0x080003a0   0x000000ee   Code   RO         3936    .text               c_w.l(lludivv7m.o)
    0x0800048e   0x0800048e   0x00000002   PAD
    0x08000490   0x08000490   0x00000018   Code   RO         3940    .text               c_w.l(noretval__2printf.o)
    0x080004a8   0x080004a8   0x0000010e   Code   RO         3952    .text               c_w.l(__printf_wp.o)
    0x080005b6   0x080005b6   0x0000004e   Code   RO         3966    .text               c_w.l(rt_memclr_w.o)
    0x08000604   0x08000604   0x00000006   Code   RO         3968    .text               c_w.l(heapauxi.o)
    0x0800060a   0x0800060a   0x0000041e   Code   RO         3979    .text               c_w.l(_printf_fp_dec.o)
    0x08000a28   0x08000a28   0x00000024   Code   RO         3981    .text               c_w.l(_printf_char_file.o)
    0x08000a4c   0x08000a4c   0x00000008   Code   RO         4010    .text               c_w.l(rt_locale_intlibspace.o)
    0x08000a54   0x08000a54   0x0000008a   Code   RO         4012    .text               c_w.l(lludiv10.o)
    0x08000ade   0x08000ade   0x00000002   PAD
    0x08000ae0   0x08000ae0   0x00000030   Code   RO         4014    .text               c_w.l(_printf_char_common.o)
    0x08000b10   0x08000b10   0x00000080   Code   RO         4016    .text               c_w.l(_printf_fp_infnan.o)
    0x08000b90   0x08000b90   0x000000e4   Code   RO         4018    .text               c_w.l(bigflt0.o)
    0x08000c74   0x08000c74   0x00000008   Code   RO         4043    .text               c_w.l(ferror.o)
    0x08000c7c   0x08000c7c   0x00000138   Code   RO         4045    .text               c_w.l(initio.o)
    0x08000db4   0x08000db4   0x00000066   Code   RO         4059    .text               c_w.l(sys_io.o)
    0x08000e1a   0x08000e1a   0x00000002   PAD
    0x08000e1c   0x08000e1c   0x00000008   Code   RO         4064    .text               c_w.l(libspace.o)
    0x08000e24   0x08000e24   0x0000004a   Code   RO         4069    .text               c_w.l(sys_stackheap_outer.o)
    0x08000e6e   0x08000e6e   0x0000004e   Code   RO         4073    .text               c_w.l(h1_free.o)
    0x08000ebc   0x08000ebc   0x00000046   Code   RO         4129    .text               c_w.l(setvbuf.o)
    0x08000f02   0x08000f02   0x00000002   PAD
    0x08000f04   0x08000f04   0x000000ec   Code   RO         4132    .text               c_w.l(fopen.o)
    0x08000ff0   0x08000ff0   0x0000004c   Code   RO         4134    .text               c_w.l(fclose.o)
    0x0800103c   0x0800103c   0x00000012   Code   RO         4140    .text               c_w.l(exit.o)
    0x0800104e   0x0800104e   0x0000000e   Code   RO         4146    .text               c_w.l(defsig_rtred_outer.o)
    0x0800105c   0x0800105c   0x00000068   Code   RO         4150    .text               c_w.l(strcmpv7m_pel.o)
    0x080010c4   0x080010c4   0x00000002   Code   RO         4221    .text               c_w.l(use_no_semi.o)
    0x080010c6   0x080010c6   0x00000000   Code   RO         4223    .text               c_w.l(indicate_semi.o)
    0x080010c6   0x080010c6   0x00000002   PAD
    0x080010c8   0x080010c8   0x00000008   Code   RO         4231    .text               c_w.l(rt_heap_descriptor_intlibspace.o)
    0x080010d0   0x080010d0   0x00000004   Code   RO         4233    .text               c_w.l(hguard.o)
    0x080010d4   0x080010d4   0x0000008a   Code   RO         4235    .text               c_w.l(init_alloc.o)
    0x0800115e   0x0800115e   0x0000005e   Code   RO         4241    .text               c_w.l(h1_alloc.o)
    0x080011bc   0x080011bc   0x000000f8   Code   RO         4255    .text               c_w.l(fseek.o)
    0x080012b4   0x080012b4   0x000000f0   Code   RO         4257    .text               c_w.l(stdio.o)
    0x080013a4   0x080013a4   0x0000000a   Code   RO         4259    .text               c_w.l(defsig_exit.o)
    0x080013ae   0x080013ae   0x00000002   PAD
    0x080013b0   0x080013b0   0x00000034   Code   RO         4263    .text               c_w.l(defsig_rtred_inner.o)
    0x080013e4   0x080013e4   0x0000003e   Code   RO         4265    .text               c_w.l(strlen.o)
    0x08001422   0x08001422   0x00000002   PAD
    0x08001424   0x08001424   0x0000000c   Code   RO         4273    .text               c_w.l(sys_exit.o)
    0x08001430   0x08001430   0x0000000e   Code   RO         4284    .text               c_w.l(h1_init.o)
    0x0800143e   0x0800143e   0x00000034   Code   RO         4286    .text               c_w.l(h1_extend.o)
    0x08001472   0x08001472   0x00000042   Code   RO         4292    .text               c_w.l(ftell.o)
    0x080014b4   0x080014b4   0x00000032   Code   RO         4296    .text               c_w.l(defsig_general.o)
    0x080014e6   0x080014e6   0x0000000e   Code   RO         4298    .text               c_w.l(defsig_rtmem_outer.o)
    0x080014f4   0x080014f4   0x0000000e   Code   RO         4311    .text               c_w.l(sys_wrch.o)
    0x08001502   0x08001502   0x00000002   PAD
    0x08001504   0x08001504   0x00000008   Code   RO         4318    .text               c_w.l(rt_errno_addr_intlibspace.o)
    0x0800150c   0x0800150c   0x00000050   Code   RO         4324    .text               c_w.l(defsig_rtmem_inner.o)
    0x0800155c   0x0800155c   0x0000003e   Code   RO         4021    CL$$btod_d2e        c_w.l(btod.o)
    0x0800159a   0x0800159a   0x00000046   Code   RO         4023    CL$$btod_d2e_denorm_low  c_w.l(btod.o)
    0x080015e0   0x080015e0   0x00000060   Code   RO         4022    CL$$btod_d2e_norm_op1  c_w.l(btod.o)
    0x08001640   0x08001640   0x00000338   Code   RO         4031    CL$$btod_div_common  c_w.l(btod.o)
    0x08001978   0x08001978   0x000000dc   Code   RO         4028    CL$$btod_e2e        c_w.l(btod.o)
    0x08001a54   0x08001a54   0x0000002a   Code   RO         4025    CL$$btod_ediv       c_w.l(btod.o)
    0x08001a7e   0x08001a7e   0x0000002a   Code   RO         4024    CL$$btod_emul       c_w.l(btod.o)
    0x08001aa8   0x08001aa8   0x00000244   Code   RO         4030    CL$$btod_mult_common  c_w.l(btod.o)
    0x08001cec   0x08001cec   0x00000108   Code   RO          513    i.ADC_ConfigureBoostMode  stm32h7xx_hal_adc.o
    0x08001df4   0x08001df4   0x000000e4   Code   RO          514    i.ADC_ConversionStop  stm32h7xx_hal_adc.o
    0x08001ed8   0x08001ed8   0x00000068   Code   RO          515    i.ADC_DMAConvCplt   stm32h7xx_hal_adc.o
    0x08001f40   0x08001f40   0x0000001a   Code   RO          516    i.ADC_DMAError      stm32h7xx_hal_adc.o
    0x08001f5a   0x08001f5a   0x0000000a   Code   RO          517    i.ADC_DMAHalfConvCplt  stm32h7xx_hal_adc.o
    0x08001f64   0x08001f64   0x00000070   Code   RO          518    i.ADC_Disable       stm32h7xx_hal_adc.o
    0x08001fd4   0x08001fd4   0x000000a8   Code   RO          519    i.ADC_Enable        stm32h7xx_hal_adc.o
    0x0800207c   0x0800207c   0x0000000c   Code   RO          395    i.BDMA_Channel0_IRQHandler  stm32h7xx_it.o
    0x08002088   0x08002088   0x00000002   Code   RO          396    i.BusFault_Handler  stm32h7xx_it.o
    0x0800208a   0x0800208a   0x00000002   PAD
    0x0800208c   0x0800208c   0x0000000c   Code   RO          397    i.DMA1_Stream0_IRQHandler  stm32h7xx_it.o
    0x08002098   0x08002098   0x00000002   Code   RO          398    i.DMAMUX2_OVR_IRQHandler  stm32h7xx_it.o
    0x0800209a   0x0800209a   0x00000002   PAD
    0x0800209c   0x0800209c   0x000000b4   Code   RO         1584    i.DMA_CalcBaseAndBitshift  stm32h7xx_hal_dma.o
    0x08002150   0x08002150   0x0000009c   Code   RO         1585    i.DMA_CalcDMAMUXChannelBaseAndMask  stm32h7xx_hal_dma.o
    0x080021ec   0x080021ec   0x00000074   Code   RO         1586    i.DMA_CalcDMAMUXRequestGenBaseAndMask  stm32h7xx_hal_dma.o
    0x08002260   0x08002260   0x00000054   Code   RO         1587    i.DMA_CheckFifoParam  stm32h7xx_hal_dma.o
    0x080022b4   0x080022b4   0x00000220   Code   RO         1588    i.DMA_SetConfig     stm32h7xx_hal_dma.o
    0x080024d4   0x080024d4   0x00000002   Code   RO          399    i.DebugMon_Handler  stm32h7xx_it.o
    0x080024d6   0x080024d6   0x00000004   Code   RO           13    i.Error_Handler     main.o
    0x080024da   0x080024da   0x00000002   PAD
    0x080024dc   0x080024dc   0x0000009c   Code   RO          735    i.HAL_ADCEx_Calibration_Start  stm32h7xx_hal_adc_ex.o
    0x08002578   0x08002578   0x00000128   Code   RO          755    i.HAL_ADCEx_MultiModeConfigChannel  stm32h7xx_hal_adc_ex.o
    0x080026a0   0x080026a0   0x000003d8   Code   RO          521    i.HAL_ADC_ConfigChannel  stm32h7xx_hal_adc.o
    0x08002a78   0x08002a78   0x00000024   Code   RO          221    i.HAL_ADC_ConvCpltCallback  adc.o
    0x08002a9c   0x08002a9c   0x00000002   Code   RO          523    i.HAL_ADC_ConvHalfCpltCallback  stm32h7xx_hal_adc.o
    0x08002a9e   0x08002a9e   0x00000002   Code   RO          525    i.HAL_ADC_ErrorCallback  stm32h7xx_hal_adc.o
    0x08002aa0   0x08002aa0   0x00000228   Code   RO          530    i.HAL_ADC_Init      stm32h7xx_hal_adc.o
    0x08002cc8   0x08002cc8   0x0000013c   Code   RO          223    i.HAL_ADC_MspInit   adc.o
    0x08002e04   0x08002e04   0x00000108   Code   RO          537    i.HAL_ADC_Start_DMA  stm32h7xx_hal_adc.o
    0x08002f0c   0x08002f0c   0x0000007a   Code   RO          540    i.HAL_ADC_Stop_DMA  stm32h7xx_hal_adc.o
    0x08002f86   0x08002f86   0x00000002   PAD
    0x08002f88   0x08002f88   0x00000360   Code   RO         1589    i.HAL_DMA_Abort     stm32h7xx_hal_dma.o
    0x080032e8   0x080032e8   0x000006e8   Code   RO         1594    i.HAL_DMA_IRQHandler  stm32h7xx_hal_dma.o
    0x080039d0   0x080039d0   0x000003c4   Code   RO         1595    i.HAL_DMA_Init      stm32h7xx_hal_dma.o
    0x08003d94   0x08003d94   0x0000029c   Code   RO         1599    i.HAL_DMA_Start_IT  stm32h7xx_hal_dma.o
    0x08004030   0x08004030   0x0000022c   Code   RO         1437    i.HAL_GPIO_Init     stm32h7xx_hal_gpio.o
    0x0800425c   0x0800425c   0x0000000c   Code   RO         2450    i.HAL_GetREVID      stm32h7xx_hal.o
    0x08004268   0x08004268   0x0000000c   Code   RO         2451    i.HAL_GetTick       stm32h7xx_hal.o
    0x08004274   0x08004274   0x00000010   Code   RO         2457    i.HAL_IncTick       stm32h7xx_hal.o
    0x08004284   0x08004284   0x0000005c   Code   RO         2458    i.HAL_Init          stm32h7xx_hal.o
    0x080042e0   0x080042e0   0x00000040   Code   RO         2459    i.HAL_InitTick      stm32h7xx_hal.o
    0x08004320   0x08004320   0x0000001c   Code   RO          489    i.HAL_MspInit       stm32h7xx_hal_msp.o
    0x0800433c   0x0800433c   0x0000001a   Code   RO         2297    i.HAL_NVIC_EnableIRQ  stm32h7xx_hal_cortex.o
    0x08004356   0x08004356   0x00000002   PAD
    0x08004358   0x08004358   0x00000040   Code   RO         2303    i.HAL_NVIC_SetPriority  stm32h7xx_hal_cortex.o
    0x08004398   0x08004398   0x00000024   Code   RO         2304    i.HAL_NVIC_SetPriorityGrouping  stm32h7xx_hal_cortex.o
    0x080043bc   0x080043bc   0x00000054   Code   RO         2038    i.HAL_PWREx_ConfigSupply  stm32h7xx_hal_pwr_ex.o
    0x08004410   0x08004410   0x00000024   Code   RO         1080    i.HAL_RCCEx_GetD3PCLK1Freq  stm32h7xx_hal_rcc_ex.o
    0x08004434   0x08004434   0x00000148   Code   RO         1081    i.HAL_RCCEx_GetPLL1ClockFreq  stm32h7xx_hal_rcc_ex.o
    0x0800457c   0x0800457c   0x00000144   Code   RO         1082    i.HAL_RCCEx_GetPLL2ClockFreq  stm32h7xx_hal_rcc_ex.o
    0x080046c0   0x080046c0   0x00000144   Code   RO         1083    i.HAL_RCCEx_GetPLL3ClockFreq  stm32h7xx_hal_rcc_ex.o
    0x08004804   0x08004804   0x0000026c   Code   RO         1085    i.HAL_RCCEx_GetPeriphCLKFreq  stm32h7xx_hal_rcc_ex.o
    0x08004a70   0x08004a70   0x000008d2   Code   RO         1089    i.HAL_RCCEx_PeriphCLKConfig  stm32h7xx_hal_rcc_ex.o
    0x08005342   0x08005342   0x00000002   PAD
    0x08005344   0x08005344   0x0000025c   Code   RO          965    i.HAL_RCC_ClockConfig  stm32h7xx_hal_rcc.o
    0x080055a0   0x080055a0   0x00000044   Code   RO          970    i.HAL_RCC_GetHCLKFreq  stm32h7xx_hal_rcc.o
    0x080055e4   0x080055e4   0x00000024   Code   RO          972    i.HAL_RCC_GetPCLK1Freq  stm32h7xx_hal_rcc.o
    0x08005608   0x08005608   0x00000024   Code   RO          973    i.HAL_RCC_GetPCLK2Freq  stm32h7xx_hal_rcc.o
    0x0800562c   0x0800562c   0x00000138   Code   RO          974    i.HAL_RCC_GetSysClockFreq  stm32h7xx_hal_rcc.o
    0x08005764   0x08005764   0x00000530   Code   RO          977    i.HAL_RCC_OscConfig  stm32h7xx_hal_rcc.o
    0x08005c94   0x08005c94   0x00000010   Code   RO         2463    i.HAL_SYSCFG_AnalogSwitchConfig  stm32h7xx_hal.o
    0x08005ca4   0x08005ca4   0x00000026   Code   RO         2308    i.HAL_SYSTICK_Config  stm32h7xx_hal_cortex.o
    0x08005cca   0x08005cca   0x00000040   Code   RO         3788    i.HAL_UARTEx_DisableFifoMode  stm32h7xx_hal_uart_ex.o
    0x08005d0a   0x08005d0a   0x00000002   Code   RO         3377    i.HAL_UARTEx_RxEventCallback  stm32h7xx_hal_uart.o
    0x08005d0c   0x08005d0c   0x0000004c   Code   RO         3796    i.HAL_UARTEx_SetRxFifoThreshold  stm32h7xx_hal_uart_ex.o
    0x08005d58   0x08005d58   0x0000004c   Code   RO         3797    i.HAL_UARTEx_SetTxFifoThreshold  stm32h7xx_hal_uart_ex.o
    0x08005da4   0x08005da4   0x00000002   Code   RO         3393    i.HAL_UART_ErrorCallback  stm32h7xx_hal_uart.o
    0x08005da6   0x08005da6   0x0000006a   Code   RO         3397    i.HAL_UART_Init     stm32h7xx_hal_uart.o
    0x08005e10   0x08005e10   0x00000080   Code   RO          330    i.HAL_UART_MspInit  usart.o
    0x08005e90   0x08005e90   0x00000054   Code   RO         3402    i.HAL_UART_Receive_IT  stm32h7xx_hal_uart.o
    0x08005ee4   0x08005ee4   0x00000018   Code   RO          331    i.HAL_UART_RxCpltCallback  usart.o
    0x08005efc   0x08005efc   0x000000be   Code   RO         3406    i.HAL_UART_Transmit  stm32h7xx_hal_uart.o
    0x08005fba   0x08005fba   0x00000002   Code   RO          400    i.HardFault_Handler  stm32h7xx_it.o
    0x08005fbc   0x08005fbc   0x00000008   Code   RO          542    i.LL_ADC_INJ_IsConversionOngoing  stm32h7xx_hal_adc.o
    0x08005fc4   0x08005fc4   0x00000008   Code   RO          543    i.LL_ADC_REG_IsConversionOngoing  stm32h7xx_hal_adc.o
    0x08005fcc   0x08005fcc   0x00000008   Code   RO          765    i.LL_ADC_REG_IsConversionOngoing  stm32h7xx_hal_adc_ex.o
    0x08005fd4   0x08005fd4   0x00000010   Code   RO          544    i.LL_ADC_REG_IsTriggerSourceSWStart  stm32h7xx_hal_adc.o
    0x08005fe4   0x08005fe4   0x0000001e   Code   RO          546    i.LL_ADC_SetChannelSamplingTime  stm32h7xx_hal_adc.o
    0x08006002   0x08006002   0x00000002   PAD
    0x08006004   0x08006004   0x00000108   Code   RO          224    i.MX_ADC1_Init      adc.o
    0x0800610c   0x0800610c   0x000000bc   Code   RO          225    i.MX_ADC3_Init      adc.o
    0x080061c8   0x080061c8   0x0000003c   Code   RO          281    i.MX_BDMA_Init      bdma.o
    0x08006204   0x08006204   0x0000002c   Code   RO          305    i.MX_DMA_Init       dma.o
    0x08006230   0x08006230   0x0000005c   Code   RO          197    i.MX_GPIO_Init      gpio.o
    0x0800628c   0x0800628c   0x00000068   Code   RO          332    i.MX_USART3_UART_Init  usart.o
    0x080062f4   0x080062f4   0x00000002   Code   RO          401    i.MemManage_Handler  stm32h7xx_it.o
    0x080062f6   0x080062f6   0x00000002   Code   RO          402    i.NMI_Handler       stm32h7xx_it.o
    0x080062f8   0x080062f8   0x00000002   Code   RO          403    i.PendSV_Handler    stm32h7xx_it.o
    0x080062fa   0x080062fa   0x0000003e   Code   RO           14    i.PeriphCommonClock_Config  main.o
    0x08006338   0x08006338   0x00000120   Code   RO         1092    i.RCCEx_PLL2_Config  stm32h7xx_hal_rcc_ex.o
    0x08006458   0x08006458   0x00000120   Code   RO         1093    i.RCCEx_PLL3_Config  stm32h7xx_hal_rcc_ex.o
    0x08006578   0x08006578   0x00000002   Code   RO          404    i.SVC_Handler       stm32h7xx_it.o
    0x0800657a   0x0800657a   0x00000004   Code   RO          405    i.SysTick_Handler   stm32h7xx_it.o
    0x0800657e   0x0800657e   0x00000002   PAD
    0x08006580   0x08006580   0x000000b8   Code   RO           15    i.SystemClock_Config  main.o
    0x08006638   0x08006638   0x000000dc   Code   RO         3901    i.SystemInit        system_stm32h7xx.o
    0x08006714   0x08006714   0x00000044   Code   RO         3801    i.UARTEx_SetNbDataToProcess  stm32h7xx_hal_uart_ex.o
    0x08006758   0x08006758   0x000000c8   Code   RO         3411    i.UART_AdvFeatureConfig  stm32h7xx_hal_uart.o
    0x08006820   0x08006820   0x00000060   Code   RO         3412    i.UART_CheckIdleState  stm32h7xx_hal_uart.o
    0x08006880   0x08006880   0x000000a2   Code   RO         3425    i.UART_RxISR_16BIT  stm32h7xx_hal_uart.o
    0x08006922   0x08006922   0x00000002   PAD
    0x08006924   0x08006924   0x00000174   Code   RO         3426    i.UART_RxISR_16BIT_FIFOEN  stm32h7xx_hal_uart.o
    0x08006a98   0x08006a98   0x000000a2   Code   RO         3427    i.UART_RxISR_8BIT   stm32h7xx_hal_uart.o
    0x08006b3a   0x08006b3a   0x00000002   PAD
    0x08006b3c   0x08006b3c   0x00000174   Code   RO         3428    i.UART_RxISR_8BIT_FIFOEN  stm32h7xx_hal_uart.o
    0x08006cb0   0x08006cb0   0x000003ac   Code   RO         3429    i.UART_SetConfig    stm32h7xx_hal_uart.o
    0x0800705c   0x0800705c   0x00000118   Code   RO         3431    i.UART_Start_Receive_IT  stm32h7xx_hal_uart.o
    0x08007174   0x08007174   0x000000ca   Code   RO         3436    i.UART_WaitOnFlagUntilTimeout  stm32h7xx_hal_uart.o
    0x0800723e   0x0800723e   0x00000002   Code   RO          406    i.UsageFault_Handler  stm32h7xx_it.o
    0x08007240   0x08007240   0x00000030   Code   RO         4057    i.__ARM_fpclassify  m_wv.l(fpclassify.o)
    0x08007270   0x08007270   0x00000022   Code   RO         2310    i.__NVIC_SetPriority  stm32h7xx_hal_cortex.o
    0x08007292   0x08007292   0x0000000e   Code   RO         3954    i._is_digit         c_w.l(__printf_wp.o)
    0x080072a0   0x080072a0   0x00000018   Code   RO          334    i.fputc             usart.o
    0x080072b8   0x080072b8   0x00000344   Code   RO           16    i.main              main.o
    0x080075fc   0x080075fc   0x0000002c   Code   RO         4052    locale$$code        c_w.l(lc_numeric_c.o)
    0x08007628   0x08007628   0x0000000a   Code   RO         4271    x$fpl$fpinit        fz_wv.l(fpinit.o)
    0x08007632   0x08007632   0x00000004   Code   RO         3972    x$fpl$printf1       fz_wv.l(printf1.o)
    0x08007636   0x08007636   0x00000000   Code   RO         4056    x$fpl$usenofp       fz_wv.l(usenofp.o)
    0x08007636   0x08007636   0x00000008   Data   RO         1601    .constdata          stm32h7xx_hal_dma.o
    0x0800763e   0x0800763e   0x00000018   Data   RO         3437    .constdata          stm32h7xx_hal_uart.o
    0x08007656   0x08007656   0x00000010   Data   RO         3802    .constdata          stm32h7xx_hal_uart_ex.o
    0x08007666   0x08007666   0x00000010   Data   RO         3902    .constdata          system_stm32h7xx.o
    0x08007676   0x08007676   0x00000002   PAD
    0x08007678   0x08007678   0x00000094   Data   RO         4019    .constdata          c_w.l(bigflt0.o)
    0x0800770c   0x0800770c   0x00000004   Data   RO         4060    .constdata          c_w.l(sys_io.o)
    0x08007710   0x08007710   0x00000004   Data   RO         4061    .constdata          c_w.l(sys_io.o)
    0x08007714   0x08007714   0x00000004   Data   RO         4062    .constdata          c_w.l(sys_io.o)
    0x08007718   0x08007718   0x00000020   Data   RO         4347    Region$$Table       anon$$obj.o
    0x08007738   0x08007738   0x0000001c   Data   RO         4051    locale$$data        c_w.l(lc_numeric_c.o)


    Execution Region RW_IRAM1 (Exec base: 0x20000000, Load base: 0x08007754, Size: 0x00000000, Max: 0x00020000, ABSOLUTE)

    **** No section assigned to this execution region ****


    Execution Region RW_IRAM2 (Exec base: 0x24000000, Load base: 0x08007754, Size: 0x00000a18, Max: 0x00080000, ABSOLUTE)

    Exec Addr    Load Addr    Size         Type   Attr      Idx    E Section Name        Object

    0x24000000   0x08007754   0x00000008   Data   RW           17    .data               main.o
    0x24000008   0x0800775c   0x00000002   Data   RW          231    .data               adc.o
    0x2400000a   0x0800775e   0x00000002   Data   RW          232    .data               adc.o
    0x2400000c   0x08007760   0x00000001   Data   RW          336    .data               usart.o
    0x2400000d   0x08007761   0x00000005   Data   RW          337    .data               usart.o
    0x24000012   0x08007766   0x00000002   PAD
    0x24000014   0x08007768   0x0000000c   Data   RW         2480    .data               stm32h7xx_hal.o
    0x24000020   0x08007774   0x00000008   Data   RW         3903    .data               system_stm32h7xx.o
    0x24000028   0x0800777c   0x00000004   Data   RW         3987    .data               c_w.l(stdio_streams.o)
    0x2400002c   0x08007780   0x00000004   Data   RW         3988    .data               c_w.l(stdio_streams.o)
    0x24000030   0x08007784   0x00000004   Data   RW         3989    .data               c_w.l(stdio_streams.o)
    0x24000034        -       0x00000014   Zero   RW          226    .bss                adc.o
    0x24000048        -       0x0000000c   Zero   RW          227    .bss                adc.o
    0x24000054        -       0x00000014   Zero   RW          228    .bss                adc.o
    0x24000068        -       0x0000000c   Zero   RW          229    .bss                adc.o
    0x24000074        -       0x000001b8   Zero   RW          230    .bss                adc.o
    0x2400022c        -       0x00000090   Zero   RW          335    .bss                usart.o
    0x240002bc        -       0x00000054   Zero   RW         3984    .bss                c_w.l(stdio_streams.o)
    0x24000310        -       0x00000054   Zero   RW         3985    .bss                c_w.l(stdio_streams.o)
    0x24000364        -       0x00000054   Zero   RW         3986    .bss                c_w.l(stdio_streams.o)
    0x240003b8        -       0x00000060   Zero   RW         4065    .bss                c_w.l(libspace.o)
    0x24000418        -       0x00000200   Zero   RW            2    HEAP                startup_stm32h750xx.o
    0x24000618        -       0x00000400   Zero   RW            1    STACK               startup_stm32h750xx.o


==============================================================================

Image component sizes


      Code (inc. data)   RO Data    RW Data    ZI Data      Debug   Object Name

       804        102          0          4        504       4007   adc.o
        60          4          0          0          0        927   bdma.o
        44          4          0          0          0        914   dma.o
        92          6          0          0          0       1023   gpio.o
      1086        310          0          8          0    1282930   main.o
        64         26        664          0       1536        852   startup_stm32h750xx.o
       212         44          0         12          0      23528   stm32h7xx_hal.o
      2900        220          0          0          0      77937   stm32h7xx_hal_adc.o
       460         32          0          0          0      64101   stm32h7xx_hal_adc_ex.o
       198         12          0          0          0      39667   stm32h7xx_hal_cortex.o
      5344        204          8          0          0      11155   stm32h7xx_hal_dma.o
       556         50          0          0          0       1672   stm32h7xx_hal_gpio.o
        28          6          0          0          0        950   stm32h7xx_hal_msp.o
        84          6          0          0          0        797   stm32h7xx_hal_pwr_ex.o
      2384        108          0          0          0       7208   stm32h7xx_hal_rcc.o
      4466        172          0          0          0      10555   stm32h7xx_hal_rcc_ex.o
      3170        144         24          0          0      33554   stm32h7xx_hal_uart.o
       284          6         16          0          0       3857   stm32h7xx_hal_uart_ex.o
        46         12          0          0          0       5700   stm32h7xx_it.o
       220         40         16          8          0       1534   system_stm32h7xx.o
       280         36          0          6        144       4357   usart.o

    ----------------------------------------------------------------------
     22802       1544        762         40       2184    1577225   Object Totals
         0          0         32          0          0          0   (incl. Generated)
        20          0          2          2          0          0   (incl. Padding)

    ----------------------------------------------------------------------

      Code (inc. data)   RO Data    RW Data    ZI Data      Debug   Library Member Name

         8          0          0          0          0         68   __main.o
       284          0          0          0          0        156   __printf_wp.o
         0          0          0          0          0          0   __rtentry.o
        12          0          0          0          0          0   __rtentry2.o
         6          0          0          0          0          0   __rtentry4.o
        52          8          0          0          0          0   __scatter.o
        26          0          0          0          0          0   __scatter_copy.o
        28          0          0          0          0          0   __scatter_zi.o
        48          6          0          0          0         96   _printf_char_common.o
        36          4          0          0          0         80   _printf_char_file.o
         6          0          0          0          0          0   _printf_f.o
      1054          0          0          0          0        216   _printf_fp_dec.o
       128         16          0          0          0         84   _printf_fp_infnan.o
         0          0          0          0          0          0   _printf_percent.o
         4          0          0          0          0          0   _printf_percent_end.o
       228          4        148          0          0         96   bigflt0.o
      1936        128          0          0          0        672   btod.o
        10          0          0          0          0         68   defsig_exit.o
        50          0          0          0          0         88   defsig_general.o
        80         58          0          0          0         76   defsig_rtmem_inner.o
        14          0          0          0          0         80   defsig_rtmem_outer.o
        52         38          0          0          0         76   defsig_rtred_inner.o
        14          0          0          0          0         80   defsig_rtred_outer.o
        18          0          0          0          0         80   exit.o
        76          0          0          0          0         88   fclose.o
         8          0          0          0          0         68   ferror.o
       236          4          0          0          0        128   fopen.o
       248          6          0          0          0         84   fseek.o
        66          0          0          0          0         76   ftell.o
        94          0          0          0          0         80   h1_alloc.o
        52          0          0          0          0         68   h1_extend.o
        78          0          0          0          0         80   h1_free.o
        14          0          0          0          0         84   h1_init.o
         6          0          0          0          0        152   heapauxi.o
         4          0          0          0          0        136   hguard.o
         0          0          0          0          0          0   indicate_semi.o
       138          0          0          0          0        168   init_alloc.o
       312         46          0          0          0        112   initio.o
        44         10         28          0          0         76   lc_numeric_c.o
         2          0          0          0          0          0   libinit.o
        34          0          0          0          0          0   libinit2.o
         2          0          0          0          0          0   libshutdown.o
         6          0          0          0          0          0   libshutdown2.o
         8          4          0          0         96         68   libspace.o
       138          0          0          0          0         80   lludiv10.o
       238          0          0          0          0        100   lludivv7m.o
         0          0          0          0          0          0   maybetermalloc1.o
        24          4          0          0          0         84   noretval__2printf.o
         8          4          0          0          0         68   rt_errno_addr_intlibspace.o
         8          4          0          0          0         68   rt_heap_descriptor_intlibspace.o
         8          4          0          0          0         68   rt_locale_intlibspace.o
        78          0          0          0          0         80   rt_memclr_w.o
         2          0          0          0          0          0   rtexit.o
        10          0          0          0          0          0   rtexit2.o
        70          0          0          0          0         80   setvbuf.o
       240          6          0          0          0        156   stdio.o
         0          0          0         12        252          0   stdio_streams.o
       104          0          0          0          0         68   strcmpv7m_pel.o
        62          0          0          0          0         76   strlen.o
        12          4          0          0          0         68   sys_exit.o
       102          0         12          0          0        240   sys_io.o
        74          0          0          0          0         80   sys_stackheap_outer.o
        14          0          0          0          0         76   sys_wrch.o
         2          0          0          0          0         68   use_no_semi.o
        10          0          0          0          0        116   fpinit.o
         4          0          0          0          0        116   printf1.o
         0          0          0          0          0          0   usenofp.o
        48          0          0          0          0        124   fpclassify.o

    ----------------------------------------------------------------------
      6796        358        188         12        348       5300   Library Totals
        18          0          0          0          0          0   (incl. Padding)

    ----------------------------------------------------------------------

      Code (inc. data)   RO Data    RW Data    ZI Data      Debug   Library Name

      6716        358        188         12        348       4944   c_w.l
        14          0          0          0          0        232   fz_wv.l
        48          0          0          0          0        124   m_wv.l

    ----------------------------------------------------------------------
      6796        358        188         12        348       5300   Library Totals

    ----------------------------------------------------------------------

==============================================================================


      Code (inc. data)   RO Data    RW Data    ZI Data      Debug   

     29598       1902        950         52       2532    1570321   Grand Totals
     29598       1902        950         52       2532    1570321   ELF Image Totals
     29598       1902        950         52          0          0   ROM Totals

==============================================================================

    Total RO  Size (Code + RO Data)                30548 (  29.83kB)
    Total RW  Size (RW Data + ZI Data)              2584 (   2.52kB)
    Total ROM Size (Code + RO Data + RW Data)      30600 (  29.88kB)

==============================================================================

