<html>
<body>
<pre>
<h1>µVision Build Log</h1>
<h2>Tool Versions:</h2>
IDE-Version: ¦ÌVision V5.36.0.0
Copyright (C) 2021 ARM Ltd and ARM Germany GmbH. All rights reserved.
License Information: S SUXP, S, LIC=YA39H-WX17N-63AMB-2WLWM-UWXZ2-LU2LS
 
Tool Versions:
Toolchain:       MDK-ARM Plus  Version: 5.36.0.0
Toolchain Path:  D:\Keil_v5\MDK5.36\ARM\ARMCC\Bin
C Compiler:      Armcc.exe V5.06 update 7 (build 960)
Assembler:       Armasm.exe V5.06 update 7 (build 960)
Linker/Locator:  ArmLink.exe V5.06 update 7 (build 960)
Library Manager: ArmAr.exe V5.06 update 7 (build 960)
Hex Converter:   FromElf.exe V5.06 update 7 (build 960)
CPU DLL:         SARMCM3.DLL V5.36.0.0
Dialog DLL:      DCM.DLL V1.17.3.0
Target DLL:      STLink\ST-LINKIII-KEIL_SWO.dll V3.0.9.0
Dialog DLL:      TCM.DLL V1.53.0.0
 
<h2>Project:</h2>
C:\Users\SUXP\Desktop\32\F3_CODE\2. KEY_CUBE\KEY_CUBE\MDK-ARM\KEY_CUBE.uvprojx
Project File Date:  07/27/2023

<h2>Output:</h2>
*** Using Compiler 'V5.06 update 7 (build 960)', folder: 'D:\Keil_v5\MDK5.36\ARM\ARMCC\Bin'
Build target 'KEY_CUBE'
compiling stm32f3xx_hal_tim.c...
compiling stm32f3xx_it.c...
compiling stm32f3xx_hal_tim_ex.c...
compiling stm32f3xx_hal_pwr_ex.c...
compiling main.c...
compiling stm32f3xx_hal_dma.c...
compiling led_bsp.c...
compiling key_bsp.c...
compiling stm32f3xx_hal.c...
compiling stm32f3xx_hal_rcc_ex.c...
compiling stm32f3xx_hal_pwr.c...
compiling stm32f3xx_hal_msp.c...
compiling stm32f3xx_hal_cortex.c...
compiling stm32f3xx_hal_rcc.c...
compiling stm32f3xx_hal_gpio.c...
compiling stm32f3xx_hal_i2c_ex.c...
compiling system_stm32f3xx.c...
compiling stm32f3xx_hal_flash_ex.c...
compiling stm32f3xx_hal_exti.c...
compiling stm32f3xx_hal_flash.c...
compiling stm32f3xx_hal_i2c.c...
linking...
Program Size: Code=3814 RO-data=474 RW-data=16 ZI-data=1632  
FromELF: creating hex file...
"KEY_CUBE\KEY_CUBE.axf" - 0 Error(s), 0 Warning(s).

<h2>Software Packages used:</h2>

Package Vendor: ARM
                http://www.keil.com/pack/ARM.CMSIS.5.8.0.pack
                ARM.CMSIS.5.8.0
                CMSIS (Common Microcontroller Software Interface Standard)
   * Component: CORE Version: 5.5.0

Package Vendor: Keil
                http://www.keil.com/pack/Keil.STM32F3xx_DFP.2.2.2.pack
                Keil.STM32F3xx_DFP.2.2.2
                STMicroelectronics STM32F3 Series Device Support and Examples

<h2>Collection of Component include folders:</h2>
  .\RTE\_KEY_CUBE
  D:\Keil_v5\MDK5.36\Packs\ARM\CMSIS\5.8.0\CMSIS\Core\Include
  D:\Keil_v5\MDK5.36\Packs\Keil\STM32F3xx_DFP\2.2.2\Drivers\CMSIS\Device\ST\STM32F3xx\Include

<h2>Collection of Component Files used:</h2>

   * Component: ARM::CMSIS:CORE:5.5.0
      Include file:  CMSIS\Core\Include\tz_context.h
Build Time Elapsed:  00:00:06
</pre>
</body>
</html>
